Defaulted container "ncm-policy" out of: ncm-policy, ncm-logging-sidecar
*******************************************************************
You are logged in policy container.
Dont edit any files. this might corrupt Calm data.
Commands for container:
activate - activate's policy virtual env
code - Changes directory to policy code
home - Changes directory to policy home which has conf files
status - Prints policy service status
********************************************************************
2026-06-17 06:13:30.97508Z INFO agni 137   routes.go:100 agni/routes.ActionRunLogView                        [cr:eed21da6-2fa9-414a-898d-ff54d00a02fb][pr:c92fb012-63e8-42f6-a384-d0842af3f4c4][rr:3b0e9af8-a4c9-46c3-be6e-55a15f4c11a2][logger:agni] ARL body = &{src:0xc000010018 hdr:<nil> r:<nil> closing:false doEarlyClose:true mu:{_:{} mu:{state:0 sema:0}} sawEOF:true closed:false earlyClose:false onHitEOF:0x6fa840}
2026-06-17 06:13:30.97517Z INFO agni 137   requestutil.go:73 agni/routes.ConfigureRoutes.ContextHandler.func2 [cr:eed21da6-2fa9-414a-898d-ff54d00a02fb][pr:c92fb012-63e8-42f6-a384-d0842af3f4c4][rr:3b0e9af8-a4c9-46c3-be6e-55a15f4c11a2][logger:agni] In ActionRunLogView reqJson is map[action_uuid:1d24cf38-7657-47f4-814a-b25113656129 az_child_trls:[] az_child_trls_objs:[] az_exit_code:-1 az_my_uuid:d28551e2-b504-4e14-bfbe-9721cbd1881c az_myid:50497b2b-bec5-4192-97a7-c8021b83959e az_parent_uuid:10a0d422-700b-4f16-8ed2-b2e76c4d2a31 az_reason: az_run_uuid: az_runid:e2b2a072-81f0-4fb0-8376-25aca2158880 az_status:SUCCESS az_task_type:POLICY_ACTION az_task_uuid:c80d8b1c-d288-4988-a0ed-4c239970674a az_taskid:ff91efe2-03ad-4ba3-b298-2eccddc25669 az_trl_reason_data:{} az_variables:{} policy_rl_uuid:8b97e711-6549-4068-9c4b-0408c40598f3 transport:]
2026-06-17 06:13:31.22171Z INFO agni 137   routes.go:32 agni/routes.PECView                                  [cr:039aaa90-1ac5-4da3-ae5e-d787c95c09e1][pr:a1f9bfa3-b98f-42eb-b928-6363e857acd2][rr:3b0e9af8-a4c9-46c3-be6e-55a15f4c11a2][logger:agni] Creating new DB connection
2026-06-17 06:13:31.22184Z INFO agni 137   routes.go:41 agni/routes.PECView                                  [cr:039aaa90-1ac5-4da3-ae5e-d787c95c09e1][pr:a1f9bfa3-b98f-42eb-b928-6363e857acd2][rr:3b0e9af8-a4c9-46c3-be6e-55a15f4c11a2][logger:agni] PEC body = &{src:0xc0000102e8 hdr:<nil> r:<nil> closing:false doEarlyClose:true mu:{_:{} mu:{state:0 sema:0}} sawEOF:true closed:false earlyClose:false onHitEOF:0x6fa840}
2026-06-17 06:13:31.22194Z INFO agni 137   requestutil.go:73 agni/routes.ConfigureRoutes.ContextHandler.func1 [cr:039aaa90-1ac5-4da3-ae5e-d787c95c09e1][pr:a1f9bfa3-b98f-42eb-b928-6363e857acd2][rr:3b0e9af8-a4c9-46c3-be6e-55a15f4c11a2][logger:agni] In PECView reqJson is map[az_child_trls:[] az_child_trls_objs:[] az_exit_code:-1 az_my_uuid:1a3dd735-fd9c-4318-b7d4-d8015482182e az_myid:e2b2a072-81f0-4fb0-8376-25aca2158880 az_parent_uuid: az_reason: az_run_uuid:1a3dd735-fd9c-4318-b7d4-d8015482182e az_runid:e2b2a072-81f0-4fb0-8376-25aca2158880 az_status:SUCCESS az_task_type:WORKFLOW az_task_uuid:5c412d0d-154f-49db-93da-65c0ed9d586f az_taskid:1bea11b7-fd53-4080-b176-17cba20d79f0 az_trl_reason_data:{} az_variables:{} policy_exec_uuid:e2c0cb6c-b15c-4765-9314-0719c52d08c9 request_id:e2c0cb6c-b15c-4765-9314-0719c52d08c9 transport:]
2026-06-17 06:13:31.23760Z INFO agni 137   routes.go:32 agni/routes.PECView                                  [cr:455a0454-d20b-4343-8ae6-956e1d77b10f][pr:a1f9bfa3-b98f-42eb-b928-6363e857acd2][rr:3b0e9af8-a4c9-46c3-be6e-55a15f4c11a2][logger:agni] Creating new DB connection
2026-06-17 06:13:31.23770Z INFO agni 137   routes.go:41 agni/routes.PECView                                  [cr:455a0454-d20b-4343-8ae6-956e1d77b10f][pr:a1f9bfa3-b98f-42eb-b928-6363e857acd2][rr:3b0e9af8-a4c9-46c3-be6e-55a15f4c11a2][logger:agni] PEC body = &{src:0xc0000104e0 hdr:<nil> r:<nil> closing:false doEarlyClose:true mu:{_:{} mu:{state:0 sema:0}} sawEOF:true closed:false earlyClose:false onHitEOF:0x6fa840}
2026-06-17 06:13:31.23779Z INFO agni 137   requestutil.go:73 agni/routes.ConfigureRoutes.ContextHandler.func1 [cr:455a0454-d20b-4343-8ae6-956e1d77b10f][pr:a1f9bfa3-b98f-42eb-b928-6363e857acd2][rr:3b0e9af8-a4c9-46c3-be6e-55a15f4c11a2][logger:agni] In PECView reqJson is map[az_child_trls:[] az_child_trls_objs:[] az_exit_code:-1 az_my_uuid:1a3dd735-fd9c-4318-b7d4-d8015482182e az_myid:e2b2a072-81f0-4fb0-8376-25aca2158880 az_parent_uuid: az_reason: az_run_uuid:1a3dd735-fd9c-4318-b7d4-d8015482182e az_runid:e2b2a072-81f0-4fb0-8376-25aca2158880 az_status:SUCCESS az_task_type:WORKFLOW az_task_uuid:5c412d0d-154f-49db-93da-65c0ed9d586f az_taskid:1bea11b7-fd53-4080-b176-17cba20d79f0 az_trl_reason_data:{} az_variables:{} policy_exec_uuid:e2c0cb6c-b15c-4765-9314-0719c52d08c9 request_id:e2c0cb6c-b15c-4765-9314-0719c52d08c9 transport:]
Bringing up agni
map[boil-debug:false db-host:ncm-ss-cnpg-rw.ntnx-ncm-datastore.svc.nc.msp.pc-dgce.nutanix.com db-name:vidura db-pass: db-port:5432 db-user:vidura log-level:info profile-dump-duration:1 server-port:4201 test:map[bench: benchmem:false benchtime:1s blockprofile: blockprofilerate:1 count:1 coverprofile: cpu: cpuprofile: failfast:false fullpath:false fuzz: fuzzcachedir: fuzzminimizetime:1m0s fuzztime:0s fuzzworker:false gocoverdir: list: memprofile: memprofilerate:0 mutexprofile: mutexprofilefraction:1 outputdir: paniconexit0:false parallel:12 run: short:false shuffle:off skip: testlogfile: timeout:0s trace: v:false]]Bringing up agni using port 42012026-06-20 17:22:29.30438Z INFO agni 137   agni.go:14 main.main                                              [logger:agni] In NewAgniWorker
tail: inotify cannot be used, reverting to polling: Too many open files
