Defaulted container "ncm-policy" out of: ncm-policy, ncm-logging-sidecar
*******************************************************************
You are logged in policy container.
Dont edit any files. this might corrupt Calm data.
Commands for container:
activate - activate's policy virtual env
code - Changes directory to policy code
home - Changes directory to policy home which has conf files
status - Prints policy service status
********************************************************************
tail: inotify cannot be used, reverting to polling: Too many open files
2026-06-23 03:33:33.50244Z INFO approval_v1 375   asm_amd64.s:1700 runtime.goexit                                   [logger:state-updater] Checking and updating state for EXPIRED approval requests
2026-06-23 03:43:33.41057Z INFO approval_v1 375   asm_amd64.s:1700 runtime.goexit                                   [logger:state-updater] Checking and updating state for EXPIRED approval requests
2026-06-23 03:53:33.50705Z INFO approval_v1 375   asm_amd64.s:1700 runtime.goexit                                   [logger:state-updater] Checking and updating state for EXPIRED approval requests
2026-06-23 04:03:33.44561Z INFO approval_v1 375   asm_amd64.s:1700 runtime.goexit                                   [logger:state-updater] Checking and updating state for EXPIRED approval requests
2026-06-23 04:13:33.44467Z INFO approval_v1 375   asm_amd64.s:1700 runtime.goexit                                   [logger:state-updater] Checking and updating state for EXPIRED approval requests
2026-06-23 04:23:33.60310Z INFO approval_v1 375   asm_amd64.s:1700 runtime.goexit                                   [logger:state-updater] Checking and updating state for EXPIRED approval requests
2026-06-23 04:33:33.42805Z INFO approval_v1 375   asm_amd64.s:1700 runtime.goexit                                   [logger:state-updater] Checking and updating state for EXPIRED approval requests
2026-06-23 04:43:33.44830Z INFO approval_v1 375   asm_amd64.s:1700 runtime.goexit                                   [logger:state-updater] Checking and updating state for EXPIRED approval requests
2026-06-23 04:53:33.43492Z INFO approval_v1 375   asm_amd64.s:1700 runtime.goexit                                   [logger:state-updater] Checking and updating state for EXPIRED approval requests
2026-06-23 05:03:34.41667Z INFO approval_v1 375   asm_amd64.s:1700 runtime.goexit                                   [logger:state-updater] Checking and updating state for EXPIRED approval requests
2026-06-23 05:13:33.42017Z INFO approval_v1 375   asm_amd64.s:1700 runtime.goexit                                   [logger:state-updater] Checking and updating state for EXPIRED approval requests
2026-06-23 05:23:33.42077Z INFO approval_v1 375   asm_amd64.s:1700 runtime.goexit                                   [logger:state-updater] Checking and updating state for EXPIRED approval requests
