Defaulted container "ncm-policy" out of: ncm-policy, ncm-logging-sidecar
*******************************************************************
You are logged in policy container.
Dont edit any files. this might corrupt Calm data.
Commands for container:
activate - activate's policy virtual env
code - Changes directory to policy code
home - Changes directory to policy home which has conf files
status - Prints policy service status
********************************************************************
tail: inotify cannot be used, reverting to polling: Too many open files
Requirement already satisfied: setuptools>=75.8.2 in /home/policy/plugin-framework/plugins/.virtualenvs/venv-email_v1/lib/python3.9/site-packages (from zope.event->gevent==23.9.1->-r requirements.txt (line 6)) (82.0.1)
+ exec python3 /home/policy/plugin-framework/plugins/email/v1/app.pyc --host localhost --port 4257 --global_config email_v1.ini
2026-06-20 17:25:25,406:INFO:manager.py:28: Starting Plugin's greenlet manager with capacity of 100
2026-06-20 17:25:25,407:DEBUG:plugin_server.py:49: Adding routes
2026-06-20 17:25:25,410:DEBUG:manager.py:70: Manager running
 * Serving Flask app 'src.plugin_server'
 * Debug mode: off
2026-06-20 17:25:25,503:INFO:_internal.py:187: WARNING: This is a development server. Do not use it in a production deployment. Use a production WSGI server instead.
 * Running on http://localhost:4257
2026-06-20 17:25:25,503:INFO:_internal.py:187: Press CTRL+C to quit
