Defaulted container "ncm-policy" out of: ncm-policy, ncm-logging-sidecar
*******************************************************************
You are logged in policy container.
Dont edit any files. this might corrupt Calm data.
Commands for container:
activate - activate's policy virtual env
code - Changes directory to policy code
home - Changes directory to policy home which has conf files
status - Prints policy service status
********************************************************************
Successfully installed Click-8.1.7 Flask-2.3.3 Jinja2-3.1.6 MarkupSafe-2.1.3 Werkzeug-2.3.8 blinker-1.9.0 certifi-2019.11.28 chardet-5.2.0 charset-normalizer-3.4.7 configparser-6.0.0 gevent-23.9.1 greenlet-3.0.0 idna-3.11 importlib-metadata-8.7.1 itsdangerous-2.1.2 python-gflags-3.1.2 requests-2.31.0 setuptools-82.0.1 six-1.16.0 urllib3-2.6.3 zipp-3.23.1 zope.event-6.0 zope.interface-8.0.1
+ exec python3 /home/policy/plugin-framework/plugins/email/v1/app.pyc --host localhost --port 4258 --global_config email_v1.ini
2026-06-20 17:25:15,305:INFO:manager.py:28: Starting Plugin's greenlet manager with capacity of 100
2026-06-20 17:25:15,306:DEBUG:plugin_server.py:49: Adding routes
2026-06-20 17:25:15,404:DEBUG:manager.py:70: Manager running
 * Serving Flask app 'src.plugin_server'
 * Debug mode: off
2026-06-20 17:25:15,406:INFO:_internal.py:187: WARNING: This is a development server. Do not use it in a production deployment. Use a production WSGI server instead.
 * Running on http://localhost:4258
2026-06-20 17:25:15,406:INFO:_internal.py:187: Press CTRL+C to quit
tail: inotify cannot be used, reverting to polling: Too many open files
