Defaulted container "ncm-policy" out of: ncm-policy, ncm-logging-sidecar
*******************************************************************
You are logged in policy container.
Dont edit any files. this might corrupt Calm data.
Commands for container:
activate - activate's policy virtual env
code - Changes directory to policy code
home - Changes directory to policy home which has conf files
status - Prints policy service status
********************************************************************
tail: inotify cannot be used, reverting to polling: Too many open files
}
2026-06-22 06:23:40.60718Z INFO kali 139   resolve.go:57 kali/resolve.ResolveOnePolicy                       [cr:01d89110-8f7d-481f-9c26-3f9465cd754f][pr:97cbfabb-a69e-4988-b73d-98b4fea985a6][rr:f1eb38b8-411f-41ce-bfab-99a8554a79b9][logger:kali] ResolveOnePolicy query =  data.rego_policy.isMatched
2026-06-22 06:23:40.80876Z INFO kali 139   resolve.go:85 kali/resolve.ResolveOnePolicy                       [cr:01d89110-8f7d-481f-9c26-3f9465cd754f][pr:97cbfabb-a69e-4988-b73d-98b4fea985a6][rr:f1eb38b8-411f-41ce-bfab-99a8554a79b9][logger:kali] Rego result: [{Expressions:[[[] [] [] [] [] [] [] [] [] [] [] [] [] [] [] [] [] [] [] [] [] [] [] [] [] [] [] [] [] [] [] [] [] [] [] [] [] [] [] [] [] [] [] [] [] [] [] [] [] [] [] [] [] [] [] [] [] [] [] [] [] [] [] [] [] [] [] [] [] [] [] [] [] [] [] [] [] [] [] [] [] [] [] [] [] [] [] [] [] [] [] [] [] [] [] [] [] [] [] []]] Bindings:map[]}]
2026-06-22 06:23:40.80880Z INFO kali 139   resolve.go:125 kali/resolve.ResolveListPolicy                     [cr:01d89110-8f7d-481f-9c26-3f9465cd754f][pr:97cbfabb-a69e-4988-b73d-98b4fea985a6][rr:f1eb38b8-411f-41ce-bfab-99a8554a79b9][logger:kali] len:1
2026-06-22 06:23:40.80882Z INFO kali 139   resolve.go:125 kali/resolve.ResolveListPolicy                     [cr:01d89110-8f7d-481f-9c26-3f9465cd754f][pr:97cbfabb-a69e-4988-b73d-98b4fea985a6][rr:f1eb38b8-411f-41ce-bfab-99a8554a79b9][logger:kali] Result:false
2026-06-22 06:23:40.80884Z INFO kali 139   resolve.go:125 kali/resolve.ResolveListPolicy                     [cr:01d89110-8f7d-481f-9c26-3f9465cd754f][pr:97cbfabb-a69e-4988-b73d-98b4fea985a6][rr:f1eb38b8-411f-41ce-bfab-99a8554a79b9][logger:kali] Value:[[] [] [] [] [] [] [] [] [] [] [] [] [] [] [] [] [] [] [] [] [] [] [] [] [] [] [] [] [] [] [] [] [] [] [] [] [] [] [] [] [] [] [] [] [] [] [] [] [] [] [] [] [] [] [] [] [] [] [] [] [] [] [] [] [] [] [] [] [] [] [] [] [] [] [] [] [] [] [] [] [] [] [] [] [] [] [] [] [] [] [] [] [] [] [] [] [] [] [] []]
2026-06-22 06:23:40.80885Z INFO kali 139   resolve.go:101 kali/resolve.ResolveOnePolicy                      [cr:01d89110-8f7d-481f-9c26-3f9465cd754f][pr:97cbfabb-a69e-4988-b73d-98b4fea985a6][rr:f1eb38b8-411f-41ce-bfab-99a8554a79b9][logger:kali] ResolveOnePolicy result =  false
2026-06-22 06:23:40.80952Z INFO kali 139   routes.go:145 kali/routes.ActionRun                               [cr:01d89110-8f7d-481f-9c26-3f9465cd754f][pr:97cbfabb-a69e-4988-b73d-98b4fea985a6][rr:f1eb38b8-411f-41ce-bfab-99a8554a79b9][logger:kali] matched policies =  []
2026-06-22 06:23:40.80954Z INFO kali 139   routes.go:164 kali/routes.ActionRun                               [cr:01d89110-8f7d-481f-9c26-3f9465cd754f][pr:97cbfabb-a69e-4988-b73d-98b4fea985a6][rr:f1eb38b8-411f-41ce-bfab-99a8554a79b9][logger:kali] matchedPolicies =  []
2026-06-22 06:23:40.81029Z INFO kali 139   routes.go:194 kali/routes.ActionRun                               [cr:01d89110-8f7d-481f-9c26-3f9465cd754f][pr:97cbfabb-a69e-4988-b73d-98b4fea985a6][rr:f1eb38b8-411f-41ce-bfab-99a8554a79b9][logger:kali] No policies for criteria.
