Defaulted container "ncm-policy" out of: ncm-policy, ncm-logging-sidecar
*******************************************************************
You are logged in policy container.
Dont edit any files. this might corrupt Calm data.
Commands for container:
activate - activate's policy virtual env
code - Changes directory to policy code
home - Changes directory to policy home which has conf files
status - Prints policy service status
********************************************************************
Request ID before RPC call - 73aac53e-3e7f-41b7-a493-ccc4802cebe4
Request ID get call - 73aac53e-3e7f-41b7-a493-ccc4802cebe4
Request ID before RPC call - a71f2dff-b2e6-4d73-b806-cd70872e0907
Request ID get call - a71f2dff-b2e6-4d73-b806-cd70872e0907
Request ID before RPC call - f3177f4b-972e-456a-943b-bcdbfe38fab1
Request ID Update call - f3177f4b-972e-456a-943b-bcdbfe38fab1
time="2026-06-22T14:43:05Z" level=debug msg="Task DAO: &{CompletionTime:2026-06-22T14:43:05.012Z CreationTime:2026-06-22T14:40:06.017Z Description: EntityList:[] ErrorCode:0 ErrorDetail: LastUpdateTime:2026-06-22T14:43:05.012Z Name: ParentTaskUUID: LogicalTimestamp:3 PercentageComplete:100 Weight:1000 DisableAutoProgressUpdate:false ProgressMessage: StartTime:2026-06-22T14:40:06.111Z Status:3 Tag: OperationType:expire-Job Component:Calm-Engine-Chronos InternalTask:false SubtaskSequenceId:0 InternalOpaque:[10 205 2 10 34 47 99 104 114 111 110 111 115 46 83 99 104 101 100 117 108 101 83 101 114 118 105 99 101 47 69 120 112 105 114 101 74 111 98 18 34 47 99 104 114 111 110 111 115 46 83 99 104 101 100 117 108 101 83 101 114 118 105 99 101 47 69 120 112 105 114 101 74 111 98 42 74 123 34 106 111 98 95 105 100 34 58 34 56 102 49 51 102 52 101 55 45 53 100 52 48 45 52 50 55 54 45 97 54 101 98 45 48 49 51 98 99 99 53 52 48 49 101 99 34 44 34 101 120 112 105 114 121 95 116 105 109 101 34 58 49 55 56 50 49 51 57 51 56 53 125 50 17 49 48 46 49 48 48 46 50 46 49 49 48 58 52 50 50 49 64 1 72 1 82 36 102 51 52 97 50 98 101 50 45 101 98 53 98 45 52 101 101 98 45 56 100 57 100 45 48 100 50 54 97 56 101 98 51 97 99 50 90 36 101 55 51 49 99 50 56 52 45 48 54 48 98 45 52 56 54 101 45 56 50 52 100 45 102 48 52 102 56 51 53 54 54 101 98 55 114 76 10 36 101 55 51 49 99 50 56 52 45 48 54 48 98 45 52 56 54 101 45 56 50 52 100 45 102 48 52 102 56 51 53 54 54 101 98 55 26 36 101 55 51 49 99 50 56 52 45 48 54 48 98 45 52 56 54 101 45 56 50 52 100 45 102 48 52 102 56 51 53 54 54 101 98 55 122 6 8 2 16 2 48 1 24 7] UUID:e731c284-060b-486e-824d-f04f83566eb7 RequestedStateTransition:0 Capability:[] Id:56}" 
time="2026-06-22T14:43:05Z" level=debug msg="Updating internal_opaque for task: e731c284-060b-486e-824d-f04f83566eb7" 
Request ID before RPC call - 7bd178e5-0ac5-4501-bf13-7b7fbfff9083
Request ID get call - 7bd178e5-0ac5-4501-bf13-7b7fbfff9083
tail: inotify cannot be used, reverting to polling: Too many open files
