Defaulted container "ncm-policy" out of: ncm-policy, ncm-logging-sidecar
*******************************************************************
You are logged in policy container.
Dont edit any files. this might corrupt Calm data.
Commands for container:
activate - activate's policy virtual env
code - Changes directory to policy code
home - Changes directory to policy home which has conf files
status - Prints policy service status
********************************************************************
tail: inotify cannot be used, reverting to polling: Too many open files
2026-06-17 06:12:51.30455Z INFO quota-enforce_v1 288   execute.go:181 quota-enforce/core.(*Handler).syncExecute          [cr:1f4e5c00-c561-4e96-817a-707025a755ae][pr:5dc6ee0f-8a06-458c-a179-c82606fa17be][rr:855b4fef-261e-9186-9f8f-d9978d3a6b1b][requestID:65b0f9f5-8296-465f-867d-00cae1aad530][logger:quota-enforce] {"execution_status":"SUCCESS","approval_status":"APPROVED","message_list":[],"detail_message_list":null}
Bringing up Quota Enforce V1 on localhost:4260
2026-06-20 17:23:29.50305Z INFO quota-enforce_v1 382   insights.go:63 github.com/ideadevice/gamma-libs/insights.init.0   [logger:insights] mode disabled
2026-06-20 17:23:30.10390Z INFO quota-enforce_v1 382   transports.go:93 github.com/ideadevice/gamma-libs/data.InitializeTransports [logger:main] Initializing transport objects
2026-06-20 17:23:30.90224Z DEBUG quota-enforce_v1 382   lock.go:39 quota-enforce/lib/lock.NewLock                         [logger:lock] DB: Creating a new Postgres client
2026-06-20 17:23:30.90230Z DEBUG quota-enforce_v1 382   db.go:82 quota-enforce/lib/lock.NewPostgresClient                 [logger:lock] DB: Checking and creating Database
2026-06-20 17:23:31.80373Z INFO quota-enforce_v1 382   db.go:56 quota-enforce/lib/lock.createDatabase                    [logger:lock] Database lock already exists
2026-06-20 17:23:31.80380Z DEBUG quota-enforce_v1 382   db.go:57 quota-enforce/lib/lock.createDatabase                    [logger:lock] DB: Closing Postgres client
2026-06-20 17:23:32.10589Z ERROR quota-enforce_v1 382   db.go:98 quota-enforce/lib/lock.NewPostgresClient                 [logger:lock] DB: Ping err: <nil>
2026-06-20 17:23:32.10799Z INFO quota-enforce_v1 382   proc.go:283 runtime.main                                          [logger:main] Quota-Enforce Plugin Serving at localhost:4260
