Defaulted container "ncm-scheduler" out of: ncm-scheduler, ncm-logging-sidecar
*******************************************************************
You are logged in epsilon container.
Dont edit any files. this might corrupt CALM/DRAAS data.
Commands for container:
activate - activate's epsilon virtual env
code - Changes directory to epsilon code
home - Changes directory to epsilon home which has conf files
status - Prints epsilon service status
********************************************************************
tail: inotify cannot be used, reverting to polling: Too many open files
        ├── Text false
        └── Text deleted

2026-06-22 14:43:05.00392Z INFO chronos 180   fiqlhelper.go:65 github.com/ideadevice/gamma-libs/chronos/repo/pg.GenerateJobInstanceWhereFromFilter [cr:e731c284-060b-486e-824d-f04f83566eb7][pr:e731c284-060b-486e-824d-f04f83566eb7][rr:e731c284-060b-486e-824d-f04f83566eb7][logger:main] Where: 0x1112c40
2026-06-22 14:43:05.00770Z INFO chronos 180   job_runner.go:267 epsilon/chronos/scheduler/runner.(*JobRunner).expireJob [cr:e731c284-060b-486e-824d-f04f83566eb7][pr:e731c284-060b-486e-824d-f04f83566eb7][rr:e731c284-060b-486e-824d-f04f83566eb7][logger:main] Job Test_Policy__2_631d(8f13f4e7-5d40-4276-a6eb-013bcc5401ec) set to EXPIRED successfully
2026-06-22 14:43:05.00777Z INFO chronos 180   context.go:86 github.com/ideadevice/gamma-libs/chronos/context.(*ChronosContext).UpdateMilestoneAndData [cr:e731c284-060b-486e-824d-f04f83566eb7][pr:e731c284-060b-486e-824d-f04f83566eb7][rr:e731c284-060b-486e-824d-f04f83566eb7][logger:main] ******* Update to ergon started, updating to milestome SUCCESS *******
2026-06-22 14:43:05.01020Z INFO chronos 180   ergon.go:629 github.com/ideadevice/gamma-libs/ergon.(*Ergon).sendMsg [logger:statutils] stats item: ergon.TaskGet with time: 2 msec
2026-06-22 14:43:05.01714Z INFO chronos 180   ergon.go:629 github.com/ideadevice/gamma-libs/ergon.(*Ergon).sendMsg [logger:statutils] stats item: ergon.TaskUpdate with time: 6 msec
2026-06-22 14:43:05.01720Z INFO chronos 180   ergon.go:870 github.com/ideadevice/gamma-libs/ergon.(*Ergon).SetStateAndMilestone [logger:ErgonClient] Updated e731c284-060b-486e-824d-f04f83566eb7 ergon task to state: kSucceeded
2026-06-22 14:43:05.01722Z INFO chronos 180   context.go:96 github.com/ideadevice/gamma-libs/chronos/context.(*ChronosContext).UpdateMilestoneAndData [cr:e731c284-060b-486e-824d-f04f83566eb7][pr:e731c284-060b-486e-824d-f04f83566eb7][rr:e731c284-060b-486e-824d-f04f83566eb7][logger:main] ******* Update to ergon done *******
