Defaulted container "ncm-scheduler" out of: ncm-scheduler, ncm-logging-sidecar
*******************************************************************
You are logged in epsilon container.
Dont edit any files. this might corrupt CALM/DRAAS data.
Commands for container:
activate - activate's epsilon virtual env
code - Changes directory to epsilon code
home - Changes directory to epsilon home which has conf files
status - Prints epsilon service status
********************************************************************
tail: inotify cannot be used, reverting to polling: Too many open files
2026-06-22 14:44:32.98943Z INFO chronos 178   ast.go:90 github.com/ideadevice/gamma-libs/rsql.(*FiqlExpression).Print [logger:rsql] .
└── And ;
    ├── Equal ==
    │   ├── Text 8f13f4e7-5d40-4276-a6eb-013bcc5401ec
    │   └── Text job_reference
    └── Equal ==
        ├── Text false
        └── Text deleted

2026-06-22 14:44:32.98946Z INFO chronos 178   fiqlhelper.go:65 github.com/ideadevice/gamma-libs/chronos/repo/pg.GenerateJobInstanceWhereFromFilter [Method:POST][URL:/instances/jobs/8f13f4e7-5d40-4276-a6eb-013bcc5401ec][logger:main] Where: 0x1112c40
