Defaulted container "ncm-scheduler" out of: ncm-scheduler, ncm-logging-sidecar
*******************************************************************
You are logged in epsilon container.
Dont edit any files. this might corrupt CALM/DRAAS data.
Commands for container:
activate - activate's epsilon virtual env
code - Changes directory to epsilon code
home - Changes directory to epsilon home which has conf files
status - Prints epsilon service status
********************************************************************
tail: inotify cannot be used, reverting to polling: Too many open files
WAITING FOR EVENT........................
Got event from supervisor: PROCESS_STATE_RUNNING
  Ignoring event
WAITING FOR EVENT........................
Got event from supervisor: PROCESS_STATE_RUNNING
  Ignoring event
WAITING FOR EVENT........................
Got event from supervisor: PROCESS_STATE_RUNNING
  Ignoring event
WAITING FOR EVENT........................
