Defaulted container "ncm-calm" out of: ncm-calm, ncm-logging-sidecar
*******************************************************************
You are logged in to the calm container

DO NOT EDIT ANY FILES: THIS MIGHT CORRUPT CALM DATA OR SERVICES

Commands for container:
activate - Activates calm virtual env
code     - Changes directory to calm code directory
home     - Changes directory to calm home, containing conf files
status   - Prints calm service status
********************************************************************

Have Fun!

2026-06-22 06:23:41.62579Z INFO algalon 378   manager.go:435 main.(*Manager).postRequestHandler                 [cr:cd25d0d0-41ab-549a-98dc-320ca230b9e1][logger:algalon][pr:a3e2c8f7-530c-52f9-a148-b3797adef88b][rr:245061c3-0203-4225-8b78-93c4aa4db6ba] In postRequestHandler
2026-06-22 06:23:41.75086Z INFO algalon 378   manager.go:435 main.(*Manager).postRequestHandler                 [cr:a3138fcc-8da6-5140-8646-91a021a814e0][logger:algalon][pr:b2a3863e-3752-52f1-93cd-983745321b94][rr:245061c3-0203-4225-8b78-93c4aa4db6ba] In postRequestHandler
2026-06-22 06:23:41.86788Z INFO algalon 378   manager.go:435 main.(*Manager).postRequestHandler                 [cr:7f225bc1-a6bc-5d86-88ee-c567cd61aeb7][logger:algalon][pr:d79ffdeb-9976-5ba7-832a-f2bd4c1cc30e][rr:245061c3-0203-4225-8b78-93c4aa4db6ba] In postRequestHandler
2026-06-22 06:23:42.44990Z INFO algalon 378   manager.go:435 main.(*Manager).postRequestHandler                 [cr:db6008b1-2f0a-5ddd-9f14-6c0eb3fa4d3a][logger:algalon][pr:75436cfd-0b57-543a-a3c7-0d6a5aedfa6c][rr:245061c3-0203-4225-8b78-93c4aa4db6ba] In postRequestHandler
2026-06-22 06:23:42.56383Z INFO algalon 378   manager.go:435 main.(*Manager).postRequestHandler                 [cr:9005e38a-c8a1-5eea-a06d-fa3773c446d3][logger:algalon][pr:8c387b18-fa00-5378-8200-1b10101fe430][rr:245061c3-0203-4225-8b78-93c4aa4db6ba] In postRequestHandler
2026-06-22 06:23:43.91359Z INFO algalon 378   manager.go:435 main.(*Manager).postRequestHandler                 [cr:48741018-3c00-59bb-adf1-14667d2f0b8e][logger:algalon][pr:3a8ec14e-42be-5035-93f8-502f15e8fb76][rr:245061c3-0203-4225-8b78-93c4aa4db6ba] In postRequestHandler
2026-06-22 06:23:44.02586Z INFO algalon 378   manager.go:435 main.(*Manager).postRequestHandler                 [cr:8ece6958-8a94-5012-92e5-1d241a3e7923][logger:algalon][pr:0a5db4d9-27ce-56a9-ae70-4665a1db9772][rr:245061c3-0203-4225-8b78-93c4aa4db6ba] In postRequestHandler
2026-06-22 06:23:44.38853Z INFO algalon 378   manager.go:435 main.(*Manager).postRequestHandler                 [cr:adc31ced-3f50-5ac6-b8d6-ab0b09f26554][logger:algalon][pr:cf4d3b48-c532-5118-b6ec-b271021311f5][rr:245061c3-0203-4225-8b78-93c4aa4db6ba] In postRequestHandler
2026-06-22 06:23:44.56527Z INFO algalon 378   manager.go:435 main.(*Manager).postRequestHandler                 [cr:6406df7f-76e0-5018-a478-b2279a7ebd10][logger:algalon][pr:b19a0223-3aa9-55ab-afd2-f4d7c3f3a172][rr:245061c3-0203-4225-8b78-93c4aa4db6ba] In postRequestHandler
2026-06-22 06:23:44.83932Z INFO algalon 378   manager.go:435 main.(*Manager).postRequestHandler                 [cr:6156d807-60b9-5945-a051-8a9a7da62fd9][logger:algalon][pr:321fb6a3-b64b-5e66-9136-da4300bd0d38][rr:245061c3-0203-4225-8b78-93c4aa4db6ba] In postRequestHandler
