Defaulted container "ncm-calm" out of: ncm-calm, ncm-logging-sidecar
*******************************************************************
You are logged in to the calm container

DO NOT EDIT ANY FILES: THIS MIGHT CORRUPT CALM DATA OR SERVICES

Commands for container:
activate - Activates calm virtual env
code     - Changes directory to calm code directory
home     - Changes directory to calm home, containing conf files
status   - Prints calm service status
********************************************************************

Have Fun!

2026/05/31 04:04:53 ZK : Initiating connection to server 10.200.32.119:9876
2026/05/31 04:04:53 ZK : Connected to 10.200.32.119:9876
2026/05/31 04:04:53 ZK : Authenticating connection 0x0
2026/05/31 04:04:53 grpc_server is attempting to connect to Zookeeper
2026/05/31 04:04:53 Unable to parse cluster id as file does not exist /home/nutanix/config/zookeeper/cluster_identifier.json
2026/05/31 04:04:53 ZK : Authenticated: id=0x19e7c2ec5960062, timeout=40000
2026-05-31 04:04:53.78074Z INFO grpc_server 381   clusterconfig.go:219 github.com/ideadevice/gamma-libs/clusterconfig.InitZookeeperSession [logger:cluster config] Created zookeeper session with Id: 116667180683493474
2026-05-31 04:04:53.78144Z INFO grpc_server 381   ergon.go:154 github.com/ideadevice/gamma-libs/ergon.NewErgonServiceFromConfig [logger:grpc_server] Initializing Ergon Service, serverIP: ergon.ntnx-ncm-common.svc.nc.msp.pc-dgce.nutanix.com, serverPort 2090
2026-05-31 04:04:53.78149Z INFO grpc_server 381   server.go:37 grpc_server/server.Serve                             [logger:grpc_server] Starting CALM GRPC server...
2026-05-31 04:04:53.78177Z INFO grpc_server 381   server.go:58 grpc_server/server.Serve                             [logger:grpc_server] server listening at [::]:4242
