Defaulted container "ncm-calm" out of: ncm-calm, ncm-logging-sidecar
*******************************************************************
You are logged in to the calm container

DO NOT EDIT ANY FILES: THIS MIGHT CORRUPT CALM DATA OR SERVICES

Commands for container:
activate - Activates calm virtual env
code     - Changes directory to calm code directory
home     - Changes directory to calm home, containing conf files
status   - Prints calm service status
********************************************************************

Have Fun!

2026-06-17 06:13:16.89388Z INFO  380   helper.go:102 github.com/ideadevice/epsilon-worker/dag.CreateNewDAGFromContext [O:start][R:1b489204-8864-4c7e-b29f-16ba97f6a64b][T:b4c42c0b-f7e3-4780-a78d-e3d4e1e7c209][cr:60c5882d-43cb-4741-8efa-f542dd244d20][module:main][pr:f0745460-7e5b-4240-ad7f-d9ee88fe1925][rr:3b0e9af8-a4c9-46c3-be6e-55a15f4c11a2] Checking for cycles in the DAG
2026-06-17 06:13:16.91429Z INFO  380   service.go:40 github.com/ideadevice/epsilon-worker/pkg.(*GenericService).RunTask [O:start][R:1b489204-8864-4c7e-b29f-16ba97f6a64b][T:b4c42c0b-f7e3-4780-a78d-e3d4e1e7c209][cr:60c5882d-43cb-4741-8efa-f542dd244d20][module:main][pr:f0745460-7e5b-4240-ad7f-d9ee88fe1925][rr:3b0e9af8-a4c9-46c3-be6e-55a15f4c11a2] RunTask Service Method Finished for TRLID: b4c42c0b-f7e3-4780-a78d-e3d4e1e7c209
2026-06-17 06:13:16.91634Z INFO  380   create_deployment_executor.go:77 calm/ss_epsilon_worker/agent/executor.(*CreateDeploymentExecutor).Execute [module:create_deployment_executor] CreateDeploymentExecutor received payload: map[array_index:0 az_random_hash:f2f85 az_unique:4537 machine_name:DE-deployment_5bef4034-09bfeb5f-1bbc-4141-9a4b-b838bc8c27a9-0 os_type:Linux parent_entities_b64:WyI2YjM1Y2U4Yi00NzhkLTQzYTgtYTNjNy05NjkzMDljMDRiMGYiLCAiMWI3ZjQyNTQtMzUyNy00ZDIwLTg5NDctYjQyZjc0ZWViMmYwIiwgIjkzMzBhZjg4LTEyMDItNDAyMC1iNDZkLWYxZWZhMWI5MTAxZiIsICIxMmNhY2VmMC1jZjE4LTQ0ODQtOTM0NS1lNjc4NDY3M2JkM2YiXQ== port:22 protocol: proxy_config_uuid:]
2026-06-17 06:13:17.07216Z INFO  380   create_deployment_executor.go:143 calm/ss_epsilon_worker/agent/executor.(*CreateDeploymentExecutor).Execute [module:create_deployment_executor] Successfully created machine DE-deployment_5bef4034-09bfeb5f-1bbc-4141-9a4b-b838bc8c27a9-0 with UUID 8613c5b8-ba9f-47c3-a314-0aebb6dcc7ed
2026-06-17 06:13:17.09965Z INFO  380   create_deployment_executor.go:170 calm/ss_epsilon_worker/agent/executor.(*CreateDeploymentExecutor).Execute [module:create_deployment_executor] Successfully associated machine 8613c5b8-ba9f-47c3-a314-0aebb6dcc7ed with entity 6b35ce8b-478d-43a8-a3c7-969309c04b0f
2026-06-17 06:13:17.15679Z INFO  380   create_deployment_executor.go:170 calm/ss_epsilon_worker/agent/executor.(*CreateDeploymentExecutor).Execute [module:create_deployment_executor] Successfully associated machine 8613c5b8-ba9f-47c3-a314-0aebb6dcc7ed with entity 1b7f4254-3527-4d20-8947-b42f74eeb2f0
2026-06-17 06:13:17.17976Z INFO  380   create_deployment_executor.go:170 calm/ss_epsilon_worker/agent/executor.(*CreateDeploymentExecutor).Execute [module:create_deployment_executor] Successfully associated machine 8613c5b8-ba9f-47c3-a314-0aebb6dcc7ed with entity 9330af88-1202-4020-b46d-f1efa1b9101f
2026-06-17 06:13:17.21402Z INFO  380   create_deployment_executor.go:170 calm/ss_epsilon_worker/agent/executor.(*CreateDeploymentExecutor).Execute [module:create_deployment_executor] Successfully associated machine 8613c5b8-ba9f-47c3-a314-0aebb6dcc7ed with entity 12cacef0-cf18-4484-9345-e6784673bd3f
2026-06-17 06:13:17.21410Z INFO  380   create_deployment_executor.go:173 calm/ss_epsilon_worker/agent/executor.(*CreateDeploymentExecutor).Execute [module:create_deployment_executor] Successfully completed deployment creation for machine DE-deployment_5bef4034-09bfeb5f-1bbc-4141-9a4b-b838bc8c27a9-0
2026-06-17 06:13:17.22361Z INFO  380   executor.go:76 github.com/ideadevice/epsilon-worker/notify.(*NotifyExecutor).PublishMessageView [O:start][R:1b489204-8864-4c7e-b29f-16ba97f6a64b][T:b4c42c0b-f7e3-4780-a78d-e3d4e1e7c209][cr:60c5882d-43cb-4741-8efa-f542dd244d20][module:main][pr:f0745460-7e5b-4240-ad7f-d9ee88fe1925][rr:3b0e9af8-a4c9-46c3-be6e-55a15f4c11a2] Response Message Published for b4c42c0b-f7e3-4780-a78d-e3d4e1e7c209
