Defaulted container "ncm-calm" out of: ncm-calm, ncm-logging-sidecar
*******************************************************************
You are logged in to the calm container

DO NOT EDIT ANY FILES: THIS MIGHT CORRUPT CALM DATA OR SERVICES

Commands for container:
activate - Activates calm virtual env
code     - Changes directory to calm code directory
home     - Changes directory to calm home, containing conf files
status   - Prints calm service status
********************************************************************

Have Fun!

2026-06-12 07:23:49.202795Z - INFO - Got event from supervisor: PROCESS_STATE_STARTING
2026-06-12 07:23:49.202940Z - INFO - Pheaders {'processname': 'goiris', 'groupname': 'calm', 'from_state': 'STOPPED', 'tries': '0'}
2026-06-12 07:23:49.202974Z - DEBUG - Pdata 
2026-06-12 07:23:49.203013Z - INFO - Ignoring Event
2026-06-12 07:23:49.203037Z - INFO - WAITING FOR EVENT..................
2026-06-12 07:23:59.213612Z - INFO - Got event from supervisor: PROCESS_STATE_RUNNING
2026-06-12 07:23:59.213802Z - INFO - Pheaders {'processname': 'goiris', 'groupname': 'calm', 'from_state': 'STARTING', 'pid': '942755'}
2026-06-12 07:23:59.213841Z - DEBUG - Pdata 
2026-06-12 07:23:59.213883Z - INFO - Ignoring Event
2026-06-12 07:23:59.213908Z - INFO - WAITING FOR EVENT..................
