2026-05-07 06:54:21,258 INFO Listing VMs…
2026-05-07 06:54:21,436 INFO Found 135 VMs to snapshot (ignored by name rules: 0).
2026-05-07 06:54:21,436 INFO   422668c5-b84d-44a0-8ca7-079c1e8d8f54  auto_pc_69eb2d1a360236802bb644a50
2026-05-07 06:54:21,436 INFO   c338588a-6323-4757-8b08-8b96efff1c5f  nc-2056cb-default-0
2026-05-07 06:54:21,436 INFO   0452ad0f-f01c-4417-98e0-a4453f5cba8d  nc-2056cb-default-1
2026-05-07 06:54:21,436 INFO   3c0fd91f-8bbe-4a22-8e5b-8296256d0f3e  nc-2056cb-default-2
2026-05-07 06:54:21,436 INFO   c31fe370-b6a8-48b8-9d0f-b90b57af8169  nc-2056cb-env--1446403350-1
2026-05-07 06:54:21,436 INFO   aae5a081-91a6-4889-8e12-bb6deadf4595  nc-2056cb-env--1446403350-2
2026-05-07 06:54:21,436 INFO   9ca4fd0e-fcf4-4808-9a73-7cc16325e109  smart-vm-1-1045
2026-05-07 06:54:21,436 INFO   fbe121f2-899e-4dbc-b498-4bd0157b5458  smart-vm-1-1103
2026-05-07 06:54:21,436 INFO   8775a002-e5b5-40ce-95e8-95304bd738b4  smart-vm-1-1124
2026-05-07 06:54:21,436 INFO   94025b98-7c6c-41ab-ac7d-e4d243a03278  smart-vm-1-1127
2026-05-07 06:54:21,436 INFO   585bbe89-033e-49ea-ac35-9705d38c57d9  smart-vm-1-1159
2026-05-07 06:54:21,436 INFO   f70c82f1-18df-42ce-801a-73e73e1e83e4  smart-vm-1-1238
2026-05-07 06:54:21,436 INFO   58e48324-cfcc-4b7c-83d2-ba8d8639ce07  smart-vm-1-1250
2026-05-07 06:54:21,436 INFO   a64d09ae-ff8b-4934-ae16-1d4d64970d12  smart-vm-1-1253
2026-05-07 06:54:21,436 INFO   c4cb08c7-a928-4f79-8f1d-ca4b31478c89  smart-vm-1-1446
2026-05-07 06:54:21,436 INFO   … +120 more
2026-05-07 06:54:21,436 INFO Snapshot API trigger mode: series
2026-05-07 06:54:21,436 INFO [1/135] Snapshot 422668c5… (auto_pc_69eb2d1a360236802bb644a50) [CRASH_CONSISTENT]
2026-05-07 06:54:21,525 INFO [2/135] Snapshot c338588a… (nc-2056cb-default-0) [CRASH_CONSISTENT]
2026-05-07 06:54:21,657 INFO [3/135] Snapshot 0452ad0f… (nc-2056cb-default-1) [CRASH_CONSISTENT]
2026-05-07 06:54:21,828 INFO [4/135] Snapshot 3c0fd91f… (nc-2056cb-default-2) [CRASH_CONSISTENT]
2026-05-07 06:54:22,038 INFO [5/135] Snapshot c31fe370… (nc-2056cb-env--1446403350-1) [CRASH_CONSISTENT]
2026-05-07 06:54:22,173 INFO [6/135] Snapshot aae5a081… (nc-2056cb-env--1446403350-2) [CRASH_CONSISTENT]
2026-05-07 06:54:22,309 INFO [7/135] Snapshot 9ca4fd0e… (smart-vm-1-1045) [CRASH_CONSISTENT]
2026-05-07 06:54:22,472 INFO [8/135] Snapshot fbe121f2… (smart-vm-1-1103) [CRASH_CONSISTENT]
2026-05-07 06:54:22,653 INFO [9/135] Snapshot 8775a002… (smart-vm-1-1124) [CRASH_CONSISTENT]
2026-05-07 06:54:22,798 INFO [10/135] Snapshot 94025b98… (smart-vm-1-1127) [CRASH_CONSISTENT]
2026-05-07 06:54:22,948 INFO --- batch: wait 10 tasks (v4 list) ---
2026-05-07 06:54:23,109 INFO   10 task(s) pending, sleeping 4.0s
2026-05-07 06:54:27,224 INFO   task 674fa5cc… VM 94025b98… (smart-vm-1-1127) -> SUCCEEDED
2026-05-07 06:54:27,224 INFO   task e16d88e3… VM 8775a002… (smart-vm-1-1124) -> SUCCEEDED
2026-05-07 06:54:27,224 INFO   task a55fbdf8… VM fbe121f2… (smart-vm-1-1103) -> SUCCEEDED
2026-05-07 06:54:27,224 INFO   task 7c38f405… VM 9ca4fd0e… (smart-vm-1-1045) -> SUCCEEDED
2026-05-07 06:54:27,224 INFO   task d52d878d… VM aae5a081… (nc-2056cb-env--1446403350-2) -> SUCCEEDED
2026-05-07 06:54:27,224 INFO   task e601276a… VM c31fe370… (nc-2056cb-env--1446403350-1) -> SUCCEEDED
2026-05-07 06:54:27,224 INFO   task ef9ed505… VM 3c0fd91f… (nc-2056cb-default-2) -> SUCCEEDED
2026-05-07 06:54:27,224 INFO   task fac1f821… VM 0452ad0f… (nc-2056cb-default-1) -> SUCCEEDED
2026-05-07 06:54:27,224 INFO   task a0c29bf7… VM c338588a… (nc-2056cb-default-0) -> SUCCEEDED
2026-05-07 06:54:27,225 INFO   task 471692cf… VM 422668c5… (auto_pc_69eb2d1a360236802bb644a50) -> FAILED
2026-05-07 06:54:27,225 WARNING     WARNING: VM 422668c5-b84d-44a0-8ca7-079c1e8d8f54
2026-05-07 06:54:27,225 INFO [11/135] Snapshot 585bbe89… (smart-vm-1-1159) [CRASH_CONSISTENT]
2026-05-07 06:54:27,304 INFO [12/135] Snapshot f70c82f1… (smart-vm-1-1238) [CRASH_CONSISTENT]
2026-05-07 06:54:27,450 INFO [13/135] Snapshot 58e48324… (smart-vm-1-1250) [CRASH_CONSISTENT]
2026-05-07 06:54:27,579 INFO [14/135] Snapshot a64d09ae… (smart-vm-1-1253) [CRASH_CONSISTENT]
2026-05-07 06:54:27,760 INFO [15/135] Snapshot c4cb08c7… (smart-vm-1-1446) [CRASH_CONSISTENT]
2026-05-07 06:54:27,896 INFO [16/135] Snapshot 99722fc8… (smart-vm-1-1453) [CRASH_CONSISTENT]
2026-05-07 06:54:28,029 INFO [17/135] Snapshot e7f462af… (smart-vm-1-1487) [CRASH_CONSISTENT]
2026-05-07 06:54:28,245 INFO [18/135] Snapshot 8182b30f… (smart-vm-1-1512) [CRASH_CONSISTENT]
2026-05-07 06:54:28,415 INFO [19/135] Snapshot 44d44289… (smart-vm-1-1523) [CRASH_CONSISTENT]
2026-05-07 06:54:28,599 INFO [20/135] Snapshot e098d693… (smart-vm-1-1529) [CRASH_CONSISTENT]
2026-05-07 06:54:28,724 INFO --- batch: wait 10 tasks (v4 list) ---
2026-05-07 06:54:28,841 INFO   10 task(s) pending, sleeping 4.0s
2026-05-07 06:54:32,944 INFO   task ecb63f89… VM e098d693… (smart-vm-1-1529) -> SUCCEEDED
2026-05-07 06:54:32,944 INFO   task 6b15f413… VM 44d44289… (smart-vm-1-1523) -> SUCCEEDED
2026-05-07 06:54:32,944 INFO   task 4e215d4d… VM 8182b30f… (smart-vm-1-1512) -> SUCCEEDED
2026-05-07 06:54:32,944 INFO   task e92374f8… VM e7f462af… (smart-vm-1-1487) -> SUCCEEDED
2026-05-07 06:54:32,944 INFO   task 6d017b5b… VM 99722fc8… (smart-vm-1-1453) -> SUCCEEDED
2026-05-07 06:54:32,944 INFO   task a74f3b04… VM c4cb08c7… (smart-vm-1-1446) -> SUCCEEDED
2026-05-07 06:54:32,944 INFO   task 53a01b7c… VM a64d09ae… (smart-vm-1-1253) -> SUCCEEDED
2026-05-07 06:54:32,944 INFO   task fda3d8ed… VM 58e48324… (smart-vm-1-1250) -> SUCCEEDED
2026-05-07 06:54:32,944 INFO   task db03c2ef… VM f70c82f1… (smart-vm-1-1238) -> SUCCEEDED
2026-05-07 06:54:32,944 INFO   task bd2952a4… VM 585bbe89… (smart-vm-1-1159) -> SUCCEEDED
2026-05-07 06:54:32,944 INFO [21/135] Snapshot 161eae56… (smart-vm-1-1550) [CRASH_CONSISTENT]
2026-05-07 06:54:33,066 INFO [22/135] Snapshot 61147871… (smart-vm-1-1587) [CRASH_CONSISTENT]
2026-05-07 06:54:33,212 INFO [23/135] Snapshot 55a20e93… (smart-vm-1-1701) [CRASH_CONSISTENT]
2026-05-07 06:54:33,402 INFO [24/135] Snapshot 17e35d46… (smart-vm-1-1818) [CRASH_CONSISTENT]
2026-05-07 06:54:33,580 INFO [25/135] Snapshot 787c5230… (smart-vm-1-1820) [CRASH_CONSISTENT]
2026-05-07 06:54:33,766 INFO [26/135] Snapshot faf4f024… (smart-vm-1-1901) [CRASH_CONSISTENT]
2026-05-07 06:54:33,955 INFO [27/135] Snapshot 8a64a83f… (smart-vm-1-1941) [CRASH_CONSISTENT]
2026-05-07 06:54:34,166 INFO [28/135] Snapshot 2fb988a6… (smart-vm-1-1949) [CRASH_CONSISTENT]
2026-05-07 06:54:34,363 INFO [29/135] Snapshot 79e3edcf… (smart-vm-1-2210) [CRASH_CONSISTENT]
2026-05-07 06:54:34,621 INFO [30/135] Snapshot 738f0b1f… (smart-vm-1-2262) [CRASH_CONSISTENT]
2026-05-07 06:54:34,841 INFO --- batch: wait 10 tasks (v4 list) ---
2026-05-07 06:54:34,972 INFO   task e93868a5… VM 61147871… (smart-vm-1-1587) -> SUCCEEDED
2026-05-07 06:54:34,972 INFO   task cd088ff9… VM 161eae56… (smart-vm-1-1550) -> SUCCEEDED
2026-05-07 06:54:34,972 INFO   8 task(s) pending, sleeping 4.0s
2026-05-07 06:54:39,080 INFO   task 2c575ed7… VM 738f0b1f… (smart-vm-1-2262) -> SUCCEEDED
2026-05-07 06:54:39,080 INFO   task 84b0900c… VM 79e3edcf… (smart-vm-1-2210) -> SUCCEEDED
2026-05-07 06:54:39,080 INFO   task 2628f6f4… VM 2fb988a6… (smart-vm-1-1949) -> SUCCEEDED
2026-05-07 06:54:39,080 INFO   task 731cf3cd… VM 8a64a83f… (smart-vm-1-1941) -> SUCCEEDED
2026-05-07 06:54:39,080 INFO   task 7df76f42… VM faf4f024… (smart-vm-1-1901) -> SUCCEEDED
2026-05-07 06:54:39,080 INFO   task 5946822b… VM 787c5230… (smart-vm-1-1820) -> SUCCEEDED
2026-05-07 06:54:39,080 INFO   task c23a8bd1… VM 17e35d46… (smart-vm-1-1818) -> SUCCEEDED
2026-05-07 06:54:39,080 INFO   task e28f6321… VM 55a20e93… (smart-vm-1-1701) -> SUCCEEDED
2026-05-07 06:54:39,080 INFO [31/135] Snapshot 35b74d79… (smart-vm-1-2281) [CRASH_CONSISTENT]
2026-05-07 06:54:39,183 INFO [32/135] Snapshot 4610b976… (smart-vm-1-2395) [CRASH_CONSISTENT]
2026-05-07 06:54:39,332 INFO [33/135] Snapshot 80998b6c… (smart-vm-1-2441) [CRASH_CONSISTENT]
2026-05-07 06:54:39,512 INFO [34/135] Snapshot e1b83c7f… (smart-vm-1-2635) [CRASH_CONSISTENT]
2026-05-07 06:54:39,707 INFO [35/135] Snapshot d7ae4a7c… (smart-vm-1-2669) [CRASH_CONSISTENT]
2026-05-07 06:54:39,866 INFO [36/135] Snapshot d082cda1… (smart-vm-1-2691) [CRASH_CONSISTENT]
2026-05-07 06:54:40,106 INFO [37/135] Snapshot 2b9ab3ba… (smart-vm-1-2708) [CRASH_CONSISTENT]
2026-05-07 06:54:40,316 INFO [38/135] Snapshot c9da88b7… (smart-vm-1-2709) [CRASH_CONSISTENT]
2026-05-07 06:54:40,538 INFO [39/135] Snapshot f012fa09… (smart-vm-1-2782) [CRASH_CONSISTENT]
2026-05-07 06:54:40,706 INFO [40/135] Snapshot 3dae818d… (smart-vm-1-2799) [CRASH_CONSISTENT]
2026-05-07 06:54:40,868 INFO --- batch: wait 10 tasks (v4 list) ---
2026-05-07 06:54:40,991 INFO   10 task(s) pending, sleeping 4.0s
2026-05-07 06:54:45,091 INFO   task a061bb30… VM 3dae818d… (smart-vm-1-2799) -> SUCCEEDED
2026-05-07 06:54:45,091 INFO   task 43e53919… VM f012fa09… (smart-vm-1-2782) -> SUCCEEDED
2026-05-07 06:54:45,091 INFO   task a50415bb… VM c9da88b7… (smart-vm-1-2709) -> SUCCEEDED
2026-05-07 06:54:45,091 INFO   task 57700e2e… VM 2b9ab3ba… (smart-vm-1-2708) -> SUCCEEDED
2026-05-07 06:54:45,091 INFO   task 17a225c6… VM d082cda1… (smart-vm-1-2691) -> SUCCEEDED
2026-05-07 06:54:45,091 INFO   task 8a64bf02… VM d7ae4a7c… (smart-vm-1-2669) -> SUCCEEDED
2026-05-07 06:54:45,091 INFO   task 8de32b24… VM e1b83c7f… (smart-vm-1-2635) -> SUCCEEDED
2026-05-07 06:54:45,091 INFO   task f89551dc… VM 80998b6c… (smart-vm-1-2441) -> SUCCEEDED
2026-05-07 06:54:45,091 INFO   task 347d637c… VM 4610b976… (smart-vm-1-2395) -> SUCCEEDED
2026-05-07 06:54:45,091 INFO   task a9194ace… VM 35b74d79… (smart-vm-1-2281) -> SUCCEEDED
2026-05-07 06:54:45,091 INFO [41/135] Snapshot 9406bc29… (smart-vm-1-2849) [CRASH_CONSISTENT]
2026-05-07 06:54:45,182 INFO [42/135] Snapshot efed0d3a… (smart-vm-1-2955) [CRASH_CONSISTENT]
2026-05-07 06:54:45,327 INFO [43/135] Snapshot 425f4cec… (smart-vm-1-3091) [CRASH_CONSISTENT]
2026-05-07 06:54:45,531 INFO [44/135] Snapshot 9aa98132… (smart-vm-1-3163) [CRASH_CONSISTENT]
2026-05-07 06:54:45,771 INFO [45/135] Snapshot 1d299cf9… (smart-vm-1-3186) [CRASH_CONSISTENT]
2026-05-07 06:54:45,908 INFO [46/135] Snapshot 1a0941e0… (smart-vm-1-3311) [CRASH_CONSISTENT]
2026-05-07 06:54:46,173 INFO [47/135] Snapshot ed494a0c… (smart-vm-1-3400) [CRASH_CONSISTENT]
2026-05-07 06:54:46,370 INFO [48/135] Snapshot 03a562a3… (smart-vm-1-3444) [CRASH_CONSISTENT]
2026-05-07 06:54:46,590 INFO [49/135] Snapshot edd64a31… (smart-vm-1-3521) [CRASH_CONSISTENT]
2026-05-07 06:54:46,789 INFO [50/135] Snapshot 79c87337… (smart-vm-1-3571) [CRASH_CONSISTENT]
2026-05-07 06:54:46,920 INFO --- batch: wait 10 tasks (v4 list) ---
2026-05-07 06:54:47,069 INFO   10 task(s) pending, sleeping 4.0s
2026-05-07 06:54:51,171 INFO   task f5e64fd5… VM 79c87337… (smart-vm-1-3571) -> SUCCEEDED
2026-05-07 06:54:51,171 INFO   task 3cd924dd… VM edd64a31… (smart-vm-1-3521) -> SUCCEEDED
2026-05-07 06:54:51,172 INFO   task 60010a8b… VM 03a562a3… (smart-vm-1-3444) -> SUCCEEDED
2026-05-07 06:54:51,172 INFO   task 88405531… VM ed494a0c… (smart-vm-1-3400) -> SUCCEEDED
2026-05-07 06:54:51,172 INFO   task 46bc0df0… VM 1a0941e0… (smart-vm-1-3311) -> SUCCEEDED
2026-05-07 06:54:51,172 INFO   task 44628550… VM 1d299cf9… (smart-vm-1-3186) -> SUCCEEDED
2026-05-07 06:54:51,172 INFO   task 1ce08c38… VM 9aa98132… (smart-vm-1-3163) -> SUCCEEDED
2026-05-07 06:54:51,172 INFO   task 46ade741… VM 425f4cec… (smart-vm-1-3091) -> SUCCEEDED
2026-05-07 06:54:51,172 INFO   task b4b2cfdf… VM efed0d3a… (smart-vm-1-2955) -> SUCCEEDED
2026-05-07 06:54:51,172 INFO   task 6b100224… VM 9406bc29… (smart-vm-1-2849) -> SUCCEEDED
2026-05-07 06:54:51,172 INFO [51/135] Snapshot 6c277a6f… (smart-vm-1-3577) [CRASH_CONSISTENT]
2026-05-07 06:54:51,263 INFO [52/135] Snapshot c48a3797… (smart-vm-1-3613) [CRASH_CONSISTENT]
2026-05-07 06:54:51,443 INFO [53/135] Snapshot cc8d91ad… (smart-vm-1-3716) [CRASH_CONSISTENT]
2026-05-07 06:54:51,667 INFO [54/135] Snapshot 32336230… (smart-vm-1-3790) [CRASH_CONSISTENT]
2026-05-07 06:54:51,873 INFO [55/135] Snapshot 5ed2b35b… (smart-vm-1-3826) [CRASH_CONSISTENT]
2026-05-07 06:54:52,043 INFO [56/135] Snapshot cf54321c… (smart-vm-1-3920) [CRASH_CONSISTENT]
2026-05-07 06:54:52,246 INFO [57/135] Snapshot bb5eaad1… (smart-vm-1-4014) [CRASH_CONSISTENT]
2026-05-07 06:54:52,473 INFO [58/135] Snapshot b50d489c… (smart-vm-1-4031) [CRASH_CONSISTENT]
2026-05-07 06:54:52,677 INFO [59/135] Snapshot f18b87ea… (smart-vm-1-4091) [CRASH_CONSISTENT]
2026-05-07 06:54:52,824 INFO [60/135] Snapshot 92de30a3… (smart-vm-1-4288) [CRASH_CONSISTENT]
2026-05-07 06:54:53,021 INFO --- batch: wait 10 tasks (v4 list) ---
2026-05-07 06:54:53,146 INFO   10 task(s) pending, sleeping 4.0s
2026-05-07 06:54:57,243 INFO   task e9a2d27e… VM 92de30a3… (smart-vm-1-4288) -> SUCCEEDED
2026-05-07 06:54:57,243 INFO   task 0e069fba… VM f18b87ea… (smart-vm-1-4091) -> SUCCEEDED
2026-05-07 06:54:57,243 INFO   task 8e902dfb… VM b50d489c… (smart-vm-1-4031) -> SUCCEEDED
2026-05-07 06:54:57,243 INFO   task efcd85ba… VM bb5eaad1… (smart-vm-1-4014) -> SUCCEEDED
2026-05-07 06:54:57,243 INFO   task b23e3856… VM cf54321c… (smart-vm-1-3920) -> SUCCEEDED
2026-05-07 06:54:57,243 INFO   task 6eb0475e… VM 5ed2b35b… (smart-vm-1-3826) -> SUCCEEDED
2026-05-07 06:54:57,243 INFO   task 66c52116… VM 32336230… (smart-vm-1-3790) -> SUCCEEDED
2026-05-07 06:54:57,243 INFO   task 38b24c81… VM cc8d91ad… (smart-vm-1-3716) -> SUCCEEDED
2026-05-07 06:54:57,243 INFO   task 88078fbd… VM c48a3797… (smart-vm-1-3613) -> SUCCEEDED
2026-05-07 06:54:57,243 INFO   task c602eee4… VM 6c277a6f… (smart-vm-1-3577) -> SUCCEEDED
2026-05-07 06:54:57,243 INFO [61/135] Snapshot 921a35c8… (smart-vm-1-4337) [CRASH_CONSISTENT]
2026-05-07 06:54:57,329 INFO [62/135] Snapshot 42ee0041… (smart-vm-1-4389) [CRASH_CONSISTENT]
2026-05-07 06:54:57,498 INFO [63/135] Snapshot d64c0020… (smart-vm-1-4394) [CRASH_CONSISTENT]
2026-05-07 06:54:57,724 INFO [64/135] Snapshot 67e20b85… (smart-vm-1-4454) [CRASH_CONSISTENT]
2026-05-07 06:54:57,908 INFO [65/135] Snapshot 3dec53a9… (smart-vm-1-4622) [CRASH_CONSISTENT]
2026-05-07 06:54:58,133 INFO [66/135] Snapshot a4fb74d1… (smart-vm-1-4622) [CRASH_CONSISTENT]
2026-05-07 06:54:58,328 INFO [67/135] Snapshot 99d4152f… (smart-vm-1-4702) [CRASH_CONSISTENT]
2026-05-07 06:54:58,513 INFO [68/135] Snapshot e7a384ef… (smart-vm-1-4706) [CRASH_CONSISTENT]
2026-05-07 06:54:58,671 INFO [69/135] Snapshot ba1418c7… (smart-vm-1-4877) [CRASH_CONSISTENT]
2026-05-07 06:54:58,871 INFO [70/135] Snapshot 46f183d6… (smart-vm-1-4918) [CRASH_CONSISTENT]
2026-05-07 06:54:59,149 INFO --- batch: wait 10 tasks (v4 list) ---
2026-05-07 06:54:59,296 INFO   task 18d42ae6… VM d64c0020… (smart-vm-1-4394) -> SUCCEEDED
2026-05-07 06:54:59,296 INFO   task fa00f4d8… VM 42ee0041… (smart-vm-1-4389) -> SUCCEEDED
2026-05-07 06:54:59,296 INFO   task 1a6740c6… VM 921a35c8… (smart-vm-1-4337) -> SUCCEEDED
2026-05-07 06:54:59,296 INFO   7 task(s) pending, sleeping 4.0s
2026-05-07 06:55:03,422 INFO   task 26ea10d9… VM 46f183d6… (smart-vm-1-4918) -> SUCCEEDED
2026-05-07 06:55:03,423 INFO   task 6bb3f0dc… VM ba1418c7… (smart-vm-1-4877) -> SUCCEEDED
2026-05-07 06:55:03,423 INFO   task c1489918… VM e7a384ef… (smart-vm-1-4706) -> SUCCEEDED
2026-05-07 06:55:03,423 INFO   task 5d0885b7… VM 99d4152f… (smart-vm-1-4702) -> SUCCEEDED
2026-05-07 06:55:03,423 INFO   task 9cc0179e… VM a4fb74d1… (smart-vm-1-4622) -> SUCCEEDED
2026-05-07 06:55:03,423 INFO   task ced62846… VM 3dec53a9… (smart-vm-1-4622) -> SUCCEEDED
2026-05-07 06:55:03,423 INFO   task d0206e6b… VM 67e20b85… (smart-vm-1-4454) -> SUCCEEDED
2026-05-07 06:55:03,423 INFO [71/135] Snapshot 9cbed456… (smart-vm-1-4954) [CRASH_CONSISTENT]
2026-05-07 06:55:03,523 INFO [72/135] Snapshot fb25ddef… (smart-vm-1-5040) [CRASH_CONSISTENT]
2026-05-07 06:55:03,652 INFO [73/135] Snapshot 8e8c4773… (smart-vm-1-5127) [CRASH_CONSISTENT]
2026-05-07 06:55:03,798 INFO [74/135] Snapshot 1ab10033… (smart-vm-1-5159) [CRASH_CONSISTENT]
2026-05-07 06:55:03,927 INFO [75/135] Snapshot a7ef7a5c… (smart-vm-1-5247) [CRASH_CONSISTENT]
2026-05-07 06:55:04,154 INFO [76/135] Snapshot d0c50043… (smart-vm-1-5270) [CRASH_CONSISTENT]
2026-05-07 06:55:04,334 INFO [77/135] Snapshot c399e289… (smart-vm-1-5329) [CRASH_CONSISTENT]
2026-05-07 06:55:04,506 INFO [78/135] Snapshot 69243d80… (smart-vm-1-5344) [CRASH_CONSISTENT]
2026-05-07 06:55:04,770 INFO [79/135] Snapshot 6932c866… (smart-vm-1-5434) [CRASH_CONSISTENT]
2026-05-07 06:55:05,006 INFO [80/135] Snapshot e21fcc1b… (smart-vm-1-5480) [CRASH_CONSISTENT]
2026-05-07 06:55:05,227 INFO --- batch: wait 10 tasks (v4 list) ---
2026-05-07 06:55:05,399 INFO   10 task(s) pending, sleeping 4.0s
2026-05-07 06:55:09,502 INFO   task 52ff5d06… VM e21fcc1b… (smart-vm-1-5480) -> SUCCEEDED
2026-05-07 06:55:09,502 INFO   task dd311b92… VM 6932c866… (smart-vm-1-5434) -> SUCCEEDED
2026-05-07 06:55:09,502 INFO   task b6665f25… VM 69243d80… (smart-vm-1-5344) -> SUCCEEDED
2026-05-07 06:55:09,502 INFO   task b1cd145d… VM c399e289… (smart-vm-1-5329) -> SUCCEEDED
2026-05-07 06:55:09,502 INFO   task fe62ae45… VM d0c50043… (smart-vm-1-5270) -> SUCCEEDED
2026-05-07 06:55:09,502 INFO   task b90b6719… VM a7ef7a5c… (smart-vm-1-5247) -> SUCCEEDED
2026-05-07 06:55:09,502 INFO   task efe14ba2… VM 1ab10033… (smart-vm-1-5159) -> SUCCEEDED
2026-05-07 06:55:09,502 INFO   task 85555f98… VM 8e8c4773… (smart-vm-1-5127) -> SUCCEEDED
2026-05-07 06:55:09,502 INFO   task 59555ee3… VM fb25ddef… (smart-vm-1-5040) -> SUCCEEDED
2026-05-07 06:55:09,502 INFO   task 29d7aa0c… VM 9cbed456… (smart-vm-1-4954) -> SUCCEEDED
2026-05-07 06:55:09,502 INFO [81/135] Snapshot fd6e003f… (smart-vm-1-5554) [CRASH_CONSISTENT]
2026-05-07 06:55:09,592 INFO [82/135] Snapshot 758cc22f… (smart-vm-1-5556) [CRASH_CONSISTENT]
2026-05-07 06:55:09,717 INFO [83/135] Snapshot 7f24f09d… (smart-vm-1-5592) [CRASH_CONSISTENT]
2026-05-07 06:55:09,859 INFO [84/135] Snapshot a9ca6da1… (smart-vm-1-5635) [CRASH_CONSISTENT]
2026-05-07 06:55:10,017 INFO [85/135] Snapshot d95c71d9… (smart-vm-1-5781) [CRASH_CONSISTENT]
2026-05-07 06:55:10,183 INFO [86/135] Snapshot 962bef2f… (smart-vm-1-5796) [CRASH_CONSISTENT]
2026-05-07 06:55:10,409 INFO [87/135] Snapshot 59b7ab86… (smart-vm-1-5942) [CRASH_CONSISTENT]
2026-05-07 06:55:10,644 INFO [88/135] Snapshot cec93981… (smart-vm-1-5959) [CRASH_CONSISTENT]
2026-05-07 06:55:10,916 INFO [89/135] Snapshot 0c580911… (smart-vm-1-6069) [CRASH_CONSISTENT]
2026-05-07 06:55:11,262 INFO [90/135] Snapshot 84b6c1de… (smart-vm-1-6229) [CRASH_CONSISTENT]
2026-05-07 06:55:11,446 INFO --- batch: wait 10 tasks (v4 list) ---
2026-05-07 06:55:11,597 INFO   task d1792225… VM 7f24f09d… (smart-vm-1-5592) -> SUCCEEDED
2026-05-07 06:55:11,597 INFO   task c4887fcd… VM 758cc22f… (smart-vm-1-5556) -> SUCCEEDED
2026-05-07 06:55:11,597 INFO   task 4eef8631… VM fd6e003f… (smart-vm-1-5554) -> SUCCEEDED
2026-05-07 06:55:11,597 INFO   7 task(s) pending, sleeping 4.0s
2026-05-07 06:55:15,695 INFO   task a839f72b… VM 84b6c1de… (smart-vm-1-6229) -> SUCCEEDED
2026-05-07 06:55:15,695 INFO   task bdb2227b… VM 0c580911… (smart-vm-1-6069) -> SUCCEEDED
2026-05-07 06:55:15,695 INFO   task aa790c0e… VM cec93981… (smart-vm-1-5959) -> SUCCEEDED
2026-05-07 06:55:15,695 INFO   task 3f68ddda… VM 59b7ab86… (smart-vm-1-5942) -> SUCCEEDED
2026-05-07 06:55:15,695 INFO   task fb367351… VM 962bef2f… (smart-vm-1-5796) -> SUCCEEDED
2026-05-07 06:55:15,695 INFO   task 101d94c4… VM d95c71d9… (smart-vm-1-5781) -> SUCCEEDED
2026-05-07 06:55:15,695 INFO   task 9c3f5c6f… VM a9ca6da1… (smart-vm-1-5635) -> SUCCEEDED
2026-05-07 06:55:15,695 INFO [91/135] Snapshot 59aaccb3… (smart-vm-1-6246) [CRASH_CONSISTENT]
2026-05-07 06:55:15,787 INFO [92/135] Snapshot e4f2a746… (smart-vm-1-6248) [CRASH_CONSISTENT]
2026-05-07 06:55:15,917 INFO [93/135] Snapshot 1b22a803… (smart-vm-1-6368) [CRASH_CONSISTENT]
2026-05-07 06:55:16,081 INFO [94/135] Snapshot 096910bc… (smart-vm-1-6562) [CRASH_CONSISTENT]
2026-05-07 06:55:16,258 INFO [95/135] Snapshot 146982b9… (smart-vm-1-6670) [CRASH_CONSISTENT]
2026-05-07 06:55:16,452 INFO [96/135] Snapshot 1763a29c… (smart-vm-1-6722) [CRASH_CONSISTENT]
2026-05-07 06:55:16,628 INFO [97/135] Snapshot 1b4604ae… (smart-vm-1-6761) [CRASH_CONSISTENT]
2026-05-07 06:55:16,779 INFO [98/135] Snapshot 7a481d2e… (smart-vm-1-6834) [CRASH_CONSISTENT]
2026-05-07 06:55:17,071 INFO [99/135] Snapshot f0417751… (smart-vm-1-6906) [CRASH_CONSISTENT]
2026-05-07 06:55:17,300 INFO [100/135] Snapshot 1d100166… (smart-vm-1-6942) [CRASH_CONSISTENT]
2026-05-07 06:55:17,569 INFO --- batch: wait 10 tasks (v4 list) ---
2026-05-07 06:55:17,693 INFO   10 task(s) pending, sleeping 4.0s
2026-05-07 06:55:21,800 INFO   task 826cd295… VM 1d100166… (smart-vm-1-6942) -> SUCCEEDED
2026-05-07 06:55:21,800 INFO   task 32e91a7b… VM f0417751… (smart-vm-1-6906) -> SUCCEEDED
2026-05-07 06:55:21,800 INFO   task caf0bf52… VM 7a481d2e… (smart-vm-1-6834) -> SUCCEEDED
2026-05-07 06:55:21,800 INFO   task 5957ff78… VM 1b4604ae… (smart-vm-1-6761) -> SUCCEEDED
2026-05-07 06:55:21,800 INFO   task cbebf5e8… VM 1763a29c… (smart-vm-1-6722) -> SUCCEEDED
2026-05-07 06:55:21,800 INFO   task 63f392b9… VM 146982b9… (smart-vm-1-6670) -> SUCCEEDED
2026-05-07 06:55:21,800 INFO   task cd4392ec… VM 096910bc… (smart-vm-1-6562) -> SUCCEEDED
2026-05-07 06:55:21,800 INFO   task 9cc9b12c… VM 1b22a803… (smart-vm-1-6368) -> SUCCEEDED
2026-05-07 06:55:21,800 INFO   task 4eb84a72… VM e4f2a746… (smart-vm-1-6248) -> SUCCEEDED
2026-05-07 06:55:21,800 INFO   task 6cf142aa… VM 59aaccb3… (smart-vm-1-6246) -> SUCCEEDED
2026-05-07 06:55:21,800 INFO [101/135] Snapshot 3efb52ff… (smart-vm-1-7097) [CRASH_CONSISTENT]
2026-05-07 06:55:21,903 INFO [102/135] Snapshot ea378583… (smart-vm-1-7139) [CRASH_CONSISTENT]
2026-05-07 06:55:22,065 INFO [103/135] Snapshot 4e6309ef… (smart-vm-1-7159) [CRASH_CONSISTENT]
2026-05-07 06:55:22,261 INFO [104/135] Snapshot 56f7209e… (smart-vm-1-7178) [CRASH_CONSISTENT]
2026-05-07 06:55:22,421 INFO [105/135] Snapshot dc8a232a… (smart-vm-1-7192) [CRASH_CONSISTENT]
2026-05-07 06:55:22,612 INFO [106/135] Snapshot f10d3b53… (smart-vm-1-7317) [CRASH_CONSISTENT]
2026-05-07 06:55:22,795 INFO [107/135] Snapshot 77babc5a… (smart-vm-1-7350) [CRASH_CONSISTENT]
2026-05-07 06:55:22,962 INFO [108/135] Snapshot 75faa893… (smart-vm-1-7390) [CRASH_CONSISTENT]
2026-05-07 06:55:23,133 INFO [109/135] Snapshot f5050838… (smart-vm-1-7412) [CRASH_CONSISTENT]
2026-05-07 06:55:23,348 INFO [110/135] Snapshot d21cdae5… (smart-vm-1-7435) [CRASH_CONSISTENT]
2026-05-07 06:55:23,690 INFO --- batch: wait 10 tasks (v4 list) ---
2026-05-07 06:55:23,868 INFO   task 77ff0222… VM 4e6309ef… (smart-vm-1-7159) -> SUCCEEDED
2026-05-07 06:55:23,868 INFO   task fa5d9736… VM ea378583… (smart-vm-1-7139) -> SUCCEEDED
2026-05-07 06:55:23,868 INFO   task 430fe4bf… VM 3efb52ff… (smart-vm-1-7097) -> SUCCEEDED
2026-05-07 06:55:23,868 INFO   7 task(s) pending, sleeping 4.0s
2026-05-07 06:55:27,997 INFO   task 8028bf9c… VM d21cdae5… (smart-vm-1-7435) -> SUCCEEDED
2026-05-07 06:55:27,997 INFO   task 15ba3fe6… VM f5050838… (smart-vm-1-7412) -> SUCCEEDED
2026-05-07 06:55:27,997 INFO   task 7a2a6ff7… VM 75faa893… (smart-vm-1-7390) -> SUCCEEDED
2026-05-07 06:55:27,997 INFO   task cf43bc02… VM 77babc5a… (smart-vm-1-7350) -> SUCCEEDED
2026-05-07 06:55:27,997 INFO   task 3f9b0ba2… VM f10d3b53… (smart-vm-1-7317) -> SUCCEEDED
2026-05-07 06:55:27,997 INFO   task 21fe9643… VM dc8a232a… (smart-vm-1-7192) -> SUCCEEDED
2026-05-07 06:55:27,997 INFO   task ea99bbc7… VM 56f7209e… (smart-vm-1-7178) -> SUCCEEDED
2026-05-07 06:55:27,997 INFO [111/135] Snapshot 608146d0… (smart-vm-1-7596) [CRASH_CONSISTENT]
2026-05-07 06:55:28,089 INFO [112/135] Snapshot 8af6b021… (smart-vm-1-7729) [CRASH_CONSISTENT]
2026-05-07 06:55:28,301 INFO [113/135] Snapshot 0a9a6b83… (smart-vm-1-7766) [CRASH_CONSISTENT]
2026-05-07 06:55:28,529 INFO [114/135] Snapshot aae125ce… (smart-vm-1-7767) [CRASH_CONSISTENT]
2026-05-07 06:55:28,673 INFO [115/135] Snapshot a703d457… (smart-vm-1-7991) [CRASH_CONSISTENT]
2026-05-07 06:55:28,855 INFO [116/135] Snapshot 899fc1e0… (smart-vm-1-8172) [CRASH_CONSISTENT]
2026-05-07 06:55:29,015 INFO [117/135] Snapshot 9567b7a8… (smart-vm-1-8236) [CRASH_CONSISTENT]
2026-05-07 06:55:29,184 INFO [118/135] Snapshot 26359044… (smart-vm-1-8256) [CRASH_CONSISTENT]
2026-05-07 06:55:29,356 INFO [119/135] Snapshot 2e1aa6a8… (smart-vm-1-8264) [CRASH_CONSISTENT]
2026-05-07 06:55:29,586 INFO [120/135] Snapshot 84fe88db… (smart-vm-1-8266) [CRASH_CONSISTENT]
2026-05-07 06:55:29,774 INFO --- batch: wait 10 tasks (v4 list) ---
2026-05-07 06:55:29,931 INFO   task 685514a5… VM 8af6b021… (smart-vm-1-7729) -> SUCCEEDED
2026-05-07 06:55:29,931 INFO   task 0c59ac2b… VM 608146d0… (smart-vm-1-7596) -> SUCCEEDED
2026-05-07 06:55:29,931 INFO   8 task(s) pending, sleeping 4.0s
2026-05-07 06:55:34,067 INFO   task 7e0d1175… VM 84fe88db… (smart-vm-1-8266) -> SUCCEEDED
2026-05-07 06:55:34,067 INFO   task 33c258fa… VM 2e1aa6a8… (smart-vm-1-8264) -> SUCCEEDED
2026-05-07 06:55:34,067 INFO   task f985809b… VM 26359044… (smart-vm-1-8256) -> SUCCEEDED
2026-05-07 06:55:34,067 INFO   task a9e79190… VM 9567b7a8… (smart-vm-1-8236) -> SUCCEEDED
2026-05-07 06:55:34,067 INFO   task 91511724… VM 899fc1e0… (smart-vm-1-8172) -> SUCCEEDED
2026-05-07 06:55:34,067 INFO   task 483f698f… VM a703d457… (smart-vm-1-7991) -> SUCCEEDED
2026-05-07 06:55:34,067 INFO   task 986d39d9… VM aae125ce… (smart-vm-1-7767) -> SUCCEEDED
2026-05-07 06:55:34,067 INFO   task d8f801fa… VM 0a9a6b83… (smart-vm-1-7766) -> SUCCEEDED
2026-05-07 06:55:34,068 INFO [121/135] Snapshot 5b9a1b7b… (smart-vm-1-8304) [CRASH_CONSISTENT]
2026-05-07 06:55:34,211 INFO [122/135] Snapshot 4a990970… (smart-vm-1-8434) [CRASH_CONSISTENT]
2026-05-07 06:55:34,368 INFO [123/135] Snapshot b70ec420… (smart-vm-1-8479) [CRASH_CONSISTENT]
2026-05-07 06:55:34,527 INFO [124/135] Snapshot 55f42398… (smart-vm-1-8547) [CRASH_CONSISTENT]
2026-05-07 06:55:34,679 INFO [125/135] Snapshot 0a27ce63… (smart-vm-1-8549) [CRASH_CONSISTENT]
2026-05-07 06:55:34,822 INFO [126/135] Snapshot 48b9ed21… (smart-vm-1-8606) [CRASH_CONSISTENT]
2026-05-07 06:55:34,970 INFO [127/135] Snapshot 5f7988de… (smart-vm-1-8988) [CRASH_CONSISTENT]
2026-05-07 06:55:35,083 INFO [128/135] Snapshot 45d5d386… (smart-vm-1-9106) [CRASH_CONSISTENT]
2026-05-07 06:55:35,231 INFO [129/135] Snapshot ff9d3ffa… (smart-vm-1-9123) [CRASH_CONSISTENT]
2026-05-07 06:55:35,411 INFO [130/135] Snapshot 66daf272… (smart-vm-1-9360) [CRASH_CONSISTENT]
2026-05-07 06:55:35,623 INFO --- batch: wait 10 tasks (v4 list) ---
2026-05-07 06:55:35,787 INFO   task 6f59a174… VM 4a990970… (smart-vm-1-8434) -> SUCCEEDED
2026-05-07 06:55:35,787 INFO   task 2fbde78b… VM 5b9a1b7b… (smart-vm-1-8304) -> SUCCEEDED
2026-05-07 06:55:35,787 INFO   8 task(s) pending, sleeping 4.0s
2026-05-07 06:55:39,940 INFO   task 4c7d24ae… VM 66daf272… (smart-vm-1-9360) -> SUCCEEDED
2026-05-07 06:55:39,940 INFO   task a4b08484… VM ff9d3ffa… (smart-vm-1-9123) -> SUCCEEDED
2026-05-07 06:55:39,940 INFO   task 802590d7… VM 45d5d386… (smart-vm-1-9106) -> SUCCEEDED
2026-05-07 06:55:39,940 INFO   task 083a0a1d… VM 5f7988de… (smart-vm-1-8988) -> SUCCEEDED
2026-05-07 06:55:39,940 INFO   task 6991c020… VM 48b9ed21… (smart-vm-1-8606) -> SUCCEEDED
2026-05-07 06:55:39,940 INFO   task 18d8b551… VM 0a27ce63… (smart-vm-1-8549) -> SUCCEEDED
2026-05-07 06:55:39,940 INFO   task 6c02b69e… VM 55f42398… (smart-vm-1-8547) -> SUCCEEDED
2026-05-07 06:55:39,940 INFO   task 8a72a364… VM b70ec420… (smart-vm-1-8479) -> SUCCEEDED
2026-05-07 06:55:39,940 INFO [131/135] Snapshot 5a7f9f27… (smart-vm-1-9370) [CRASH_CONSISTENT]
2026-05-07 06:55:40,102 INFO [132/135] Snapshot ba4c7025… (smart-vm-1-9471) [CRASH_CONSISTENT]
2026-05-07 06:55:40,280 INFO [133/135] Snapshot fd7342ac… (smart-vm-1-9799) [CRASH_CONSISTENT]
2026-05-07 06:55:40,455 INFO [134/135] Snapshot 139984e2… (ST_Test_101) [CRASH_CONSISTENT]
2026-05-07 06:55:40,636 INFO [135/135] Snapshot 01a4e553… (ST_Test_102) [CRASH_CONSISTENT]
2026-05-07 06:55:40,789 INFO --- final: wait 5 tasks (v4 list) ---
2026-05-07 06:55:40,919 INFO   5 task(s) pending, sleeping 4.0s
2026-05-07 06:55:45,029 INFO   task dd21982c… VM 01a4e553… (ST_Test_102) -> SUCCEEDED
2026-05-07 06:55:45,029 INFO   task b502fe88… VM 139984e2… (ST_Test_101) -> SUCCEEDED
2026-05-07 06:55:45,029 INFO   task 8249d432… VM fd7342ac… (smart-vm-1-9799) -> SUCCEEDED
2026-05-07 06:55:45,029 INFO   task 865d15e9… VM ba4c7025… (smart-vm-1-9471) -> SUCCEEDED
2026-05-07 06:55:45,029 INFO   task 2ac78682… VM 5a7f9f27… (smart-vm-1-9370) -> SUCCEEDED
2026-05-07 06:55:45,029 INFO Done.
2026-05-07 06:55:45,029 INFO 
=== Summary ===
  ignored (name rules):  0
  succeeded (tasks):     134
  failed (API or task): 1
  other (task status / timed out): 0
2026-05-07 06:55:45,030 INFO Wall clock: 83.8s for 135 VM(s) targeted (mode=series, batch_size=10)
