2026-05-08 08:44:50,207 INFO Listing VMs…
2026-05-08 08:44:50,380 INFO Found 152 VMs to snapshot (ignored by name rules: 0).
2026-05-08 08:44:50,380 INFO   422668c5-b84d-44a0-8ca7-079c1e8d8f54  auto_pc_69eb2d1a360236802bb644a50
2026-05-08 08:44:50,380 INFO   c338588a-6323-4757-8b08-8b96efff1c5f  nc-2056cb-default-0
2026-05-08 08:44:50,380 INFO   0452ad0f-f01c-4417-98e0-a4453f5cba8d  nc-2056cb-default-1
2026-05-08 08:44:50,380 INFO   3c0fd91f-8bbe-4a22-8e5b-8296256d0f3e  nc-2056cb-default-2
2026-05-08 08:44:50,380 INFO   c31fe370-b6a8-48b8-9d0f-b90b57af8169  nc-2056cb-env--1446403350-1
2026-05-08 08:44:50,380 INFO   aae5a081-91a6-4889-8e12-bb6deadf4595  nc-2056cb-env--1446403350-2
2026-05-08 08:44:50,380 INFO   9ca4fd0e-fcf4-4808-9a73-7cc16325e109  smart-vm-1-1045
2026-05-08 08:44:50,380 INFO   fbe121f2-899e-4dbc-b498-4bd0157b5458  smart-vm-1-1103
2026-05-08 08:44:50,381 INFO   92a9da1d-b78c-49ab-aa0b-e943908be941  smart-vm-1-1116
2026-05-08 08:44:50,381 INFO   8775a002-e5b5-40ce-95e8-95304bd738b4  smart-vm-1-1124
2026-05-08 08:44:50,381 INFO   94025b98-7c6c-41ab-ac7d-e4d243a03278  smart-vm-1-1127
2026-05-08 08:44:50,381 INFO   585bbe89-033e-49ea-ac35-9705d38c57d9  smart-vm-1-1159
2026-05-08 08:44:50,381 INFO   f70c82f1-18df-42ce-801a-73e73e1e83e4  smart-vm-1-1238
2026-05-08 08:44:50,381 INFO   58e48324-cfcc-4b7c-83d2-ba8d8639ce07  smart-vm-1-1250
2026-05-08 08:44:50,381 INFO   a64d09ae-ff8b-4934-ae16-1d4d64970d12  smart-vm-1-1253
2026-05-08 08:44:50,381 INFO   … +137 more
2026-05-08 08:44:50,381 INFO Snapshot API trigger mode: series
2026-05-08 08:44:50,381 INFO [1/152] Snapshot 422668c5… (auto_pc_69eb2d1a360236802bb644a50) [CRASH_CONSISTENT]
2026-05-08 08:44:50,468 INFO [2/152] Snapshot c338588a… (nc-2056cb-default-0) [CRASH_CONSISTENT]
2026-05-08 08:44:50,561 INFO [3/152] Snapshot 0452ad0f… (nc-2056cb-default-1) [CRASH_CONSISTENT]
2026-05-08 08:44:50,731 INFO [4/152] Snapshot 3c0fd91f… (nc-2056cb-default-2) [CRASH_CONSISTENT]
2026-05-08 08:44:50,895 INFO [5/152] Snapshot c31fe370… (nc-2056cb-env--1446403350-1) [CRASH_CONSISTENT]
2026-05-08 08:44:51,069 INFO [6/152] Snapshot aae5a081… (nc-2056cb-env--1446403350-2) [CRASH_CONSISTENT]
2026-05-08 08:44:51,241 INFO [7/152] Snapshot 9ca4fd0e… (smart-vm-1-1045) [CRASH_CONSISTENT]
2026-05-08 08:44:51,397 INFO [8/152] Snapshot fbe121f2… (smart-vm-1-1103) [CRASH_CONSISTENT]
2026-05-08 08:44:51,600 INFO [9/152] Snapshot 92a9da1d… (smart-vm-1-1116) [CRASH_CONSISTENT]
2026-05-08 08:44:51,779 INFO [10/152] Snapshot 8775a002… (smart-vm-1-1124) [CRASH_CONSISTENT]
2026-05-08 08:44:51,979 INFO --- batch: wait 10 tasks (v4 list) ---
2026-05-08 08:44:52,236 INFO   10 task(s) pending, sleeping 4.0s
2026-05-08 08:44:56,336 INFO   task 014d2802… VM 8775a002… (smart-vm-1-1124) -> SUCCEEDED
2026-05-08 08:44:56,336 INFO   task 5c8dce5c… VM 92a9da1d… (smart-vm-1-1116) -> SUCCEEDED
2026-05-08 08:44:56,336 INFO   task 6374cec3… VM fbe121f2… (smart-vm-1-1103) -> SUCCEEDED
2026-05-08 08:44:56,336 INFO   task c23d529f… VM 9ca4fd0e… (smart-vm-1-1045) -> SUCCEEDED
2026-05-08 08:44:56,337 INFO   task 03b5b900… VM aae5a081… (nc-2056cb-env--1446403350-2) -> SUCCEEDED
2026-05-08 08:44:56,337 INFO   task 328504d9… VM c31fe370… (nc-2056cb-env--1446403350-1) -> SUCCEEDED
2026-05-08 08:44:56,337 INFO   task ff9a6901… VM 3c0fd91f… (nc-2056cb-default-2) -> SUCCEEDED
2026-05-08 08:44:56,337 INFO   task f375a2fb… VM 0452ad0f… (nc-2056cb-default-1) -> SUCCEEDED
2026-05-08 08:44:56,337 INFO   task 227d4e4b… VM c338588a… (nc-2056cb-default-0) -> SUCCEEDED
2026-05-08 08:44:56,337 INFO   task 6f429f22… VM 422668c5… (auto_pc_69eb2d1a360236802bb644a50) -> FAILED
2026-05-08 08:44:56,337 WARNING     WARNING: VM 422668c5-b84d-44a0-8ca7-079c1e8d8f54
2026-05-08 08:44:56,337 INFO [11/152] Snapshot 94025b98… (smart-vm-1-1127) [CRASH_CONSISTENT]
2026-05-08 08:44:56,424 INFO [12/152] Snapshot 585bbe89… (smart-vm-1-1159) [CRASH_CONSISTENT]
2026-05-08 08:44:56,539 INFO [13/152] Snapshot f70c82f1… (smart-vm-1-1238) [CRASH_CONSISTENT]
2026-05-08 08:44:56,686 INFO [14/152] Snapshot 58e48324… (smart-vm-1-1250) [CRASH_CONSISTENT]
2026-05-08 08:44:56,850 INFO [15/152] Snapshot a64d09ae… (smart-vm-1-1253) [CRASH_CONSISTENT]
2026-05-08 08:44:57,045 INFO [16/152] Snapshot 6352360f… (smart-vm-1-1280) [CRASH_CONSISTENT]
2026-05-08 08:44:57,209 INFO [17/152] Snapshot c4cb08c7… (smart-vm-1-1446) [CRASH_CONSISTENT]
2026-05-08 08:44:57,395 INFO [18/152] Snapshot 99722fc8… (smart-vm-1-1453) [CRASH_CONSISTENT]
2026-05-08 08:44:57,601 INFO [19/152] Snapshot e7f462af… (smart-vm-1-1487) [CRASH_CONSISTENT]
2026-05-08 08:44:57,756 INFO [20/152] Snapshot 8182b30f… (smart-vm-1-1512) [CRASH_CONSISTENT]
2026-05-08 08:44:57,947 INFO --- batch: wait 10 tasks (v4 list) ---
2026-05-08 08:44:58,087 INFO   10 task(s) pending, sleeping 4.0s
2026-05-08 08:45:02,222 INFO   task 771d7e5c… VM 8182b30f… (smart-vm-1-1512) -> SUCCEEDED
2026-05-08 08:45:02,222 INFO   task af3eec81… VM e7f462af… (smart-vm-1-1487) -> SUCCEEDED
2026-05-08 08:45:02,222 INFO   task 10c46d82… VM 99722fc8… (smart-vm-1-1453) -> SUCCEEDED
2026-05-08 08:45:02,222 INFO   task 0e7dc209… VM c4cb08c7… (smart-vm-1-1446) -> SUCCEEDED
2026-05-08 08:45:02,222 INFO   task dec7f6c3… VM 6352360f… (smart-vm-1-1280) -> SUCCEEDED
2026-05-08 08:45:02,222 INFO   task 7eddbcb9… VM a64d09ae… (smart-vm-1-1253) -> SUCCEEDED
2026-05-08 08:45:02,222 INFO   task 5a8ace12… VM 58e48324… (smart-vm-1-1250) -> SUCCEEDED
2026-05-08 08:45:02,222 INFO   task fd9aeb4f… VM f70c82f1… (smart-vm-1-1238) -> SUCCEEDED
2026-05-08 08:45:02,222 INFO   task a26ad61e… VM 585bbe89… (smart-vm-1-1159) -> SUCCEEDED
2026-05-08 08:45:02,222 INFO   task b977eb1d… VM 94025b98… (smart-vm-1-1127) -> SUCCEEDED
2026-05-08 08:45:02,223 INFO [21/152] Snapshot 44d44289… (smart-vm-1-1523) [CRASH_CONSISTENT]
2026-05-08 08:45:02,351 INFO [22/152] Snapshot e098d693… (smart-vm-1-1529) [CRASH_CONSISTENT]
2026-05-08 08:45:02,515 INFO [23/152] Snapshot 161eae56… (smart-vm-1-1550) [CRASH_CONSISTENT]
2026-05-08 08:45:02,843 INFO [24/152] Snapshot 61147871… (smart-vm-1-1587) [CRASH_CONSISTENT]
2026-05-08 08:45:03,041 INFO [25/152] Snapshot 55a20e93… (smart-vm-1-1701) [CRASH_CONSISTENT]
2026-05-08 08:45:03,261 INFO [26/152] Snapshot 17e35d46… (smart-vm-1-1818) [CRASH_CONSISTENT]
2026-05-08 08:45:03,475 INFO [27/152] Snapshot 787c5230… (smart-vm-1-1820) [CRASH_CONSISTENT]
2026-05-08 08:45:03,712 INFO [28/152] Snapshot faf4f024… (smart-vm-1-1901) [CRASH_CONSISTENT]
2026-05-08 08:45:03,992 INFO [29/152] Snapshot 8a64a83f… (smart-vm-1-1941) [CRASH_CONSISTENT]
2026-05-08 08:45:04,315 INFO [30/152] Snapshot 2fb988a6… (smart-vm-1-1949) [CRASH_CONSISTENT]
2026-05-08 08:45:04,559 INFO --- batch: wait 10 tasks (v4 list) ---
2026-05-08 08:45:04,723 INFO   10 task(s) pending, sleeping 4.0s
2026-05-08 08:45:08,836 INFO   task 4aca071a… VM 2fb988a6… (smart-vm-1-1949) -> SUCCEEDED
2026-05-08 08:45:08,836 INFO   task 0e2c00aa… VM 8a64a83f… (smart-vm-1-1941) -> SUCCEEDED
2026-05-08 08:45:08,836 INFO   task 60f3bd83… VM faf4f024… (smart-vm-1-1901) -> SUCCEEDED
2026-05-08 08:45:08,836 INFO   task 0164d5fe… VM 787c5230… (smart-vm-1-1820) -> SUCCEEDED
2026-05-08 08:45:08,836 INFO   task 890e4405… VM 17e35d46… (smart-vm-1-1818) -> SUCCEEDED
2026-05-08 08:45:08,836 INFO   task bbb21ed4… VM 55a20e93… (smart-vm-1-1701) -> SUCCEEDED
2026-05-08 08:45:08,836 INFO   task 41dce8c7… VM 61147871… (smart-vm-1-1587) -> SUCCEEDED
2026-05-08 08:45:08,836 INFO   task ee88f804… VM 161eae56… (smart-vm-1-1550) -> SUCCEEDED
2026-05-08 08:45:08,836 INFO   task e41f5b29… VM e098d693… (smart-vm-1-1529) -> SUCCEEDED
2026-05-08 08:45:08,836 INFO   task e6f3f12b… VM 44d44289… (smart-vm-1-1523) -> SUCCEEDED
2026-05-08 08:45:08,836 INFO [31/152] Snapshot 643e0975… (smart-vm-1-2209) [CRASH_CONSISTENT]
2026-05-08 08:45:08,926 INFO [32/152] Snapshot 79e3edcf… (smart-vm-1-2210) [CRASH_CONSISTENT]
2026-05-08 08:45:09,065 INFO [33/152] Snapshot 738f0b1f… (smart-vm-1-2262) [CRASH_CONSISTENT]
2026-05-08 08:45:09,270 INFO [34/152] Snapshot 35b74d79… (smart-vm-1-2281) [CRASH_CONSISTENT]
2026-05-08 08:45:09,465 INFO [35/152] Snapshot 4610b976… (smart-vm-1-2395) [CRASH_CONSISTENT]
2026-05-08 08:45:09,632 INFO [36/152] Snapshot 80998b6c… (smart-vm-1-2441) [CRASH_CONSISTENT]
2026-05-08 08:45:09,823 INFO [37/152] Snapshot e1b83c7f… (smart-vm-1-2635) [CRASH_CONSISTENT]
2026-05-08 08:45:10,038 INFO [38/152] Snapshot d7ae4a7c… (smart-vm-1-2669) [CRASH_CONSISTENT]
2026-05-08 08:45:10,212 INFO [39/152] Snapshot d082cda1… (smart-vm-1-2691) [CRASH_CONSISTENT]
2026-05-08 08:45:10,410 INFO [40/152] Snapshot 2b9ab3ba… (smart-vm-1-2708) [CRASH_CONSISTENT]
2026-05-08 08:45:10,585 INFO --- batch: wait 10 tasks (v4 list) ---
2026-05-08 08:45:10,720 INFO   10 task(s) pending, sleeping 4.0s
2026-05-08 08:45:14,829 INFO   task 0fc11b54… VM 2b9ab3ba… (smart-vm-1-2708) -> SUCCEEDED
2026-05-08 08:45:14,829 INFO   task bcddaff0… VM d082cda1… (smart-vm-1-2691) -> SUCCEEDED
2026-05-08 08:45:14,829 INFO   task 701d4140… VM d7ae4a7c… (smart-vm-1-2669) -> SUCCEEDED
2026-05-08 08:45:14,829 INFO   task b786aaee… VM e1b83c7f… (smart-vm-1-2635) -> SUCCEEDED
2026-05-08 08:45:14,829 INFO   task fc752b54… VM 80998b6c… (smart-vm-1-2441) -> SUCCEEDED
2026-05-08 08:45:14,829 INFO   task 451df2f0… VM 4610b976… (smart-vm-1-2395) -> SUCCEEDED
2026-05-08 08:45:14,829 INFO   task d5b2b863… VM 35b74d79… (smart-vm-1-2281) -> SUCCEEDED
2026-05-08 08:45:14,829 INFO   task a0be32dc… VM 738f0b1f… (smart-vm-1-2262) -> SUCCEEDED
2026-05-08 08:45:14,829 INFO   task f19d2987… VM 79e3edcf… (smart-vm-1-2210) -> SUCCEEDED
2026-05-08 08:45:14,829 INFO   task 88a3c035… VM 643e0975… (smart-vm-1-2209) -> SUCCEEDED
2026-05-08 08:45:14,829 INFO [41/152] Snapshot c9da88b7… (smart-vm-1-2709) [CRASH_CONSISTENT]
2026-05-08 08:45:14,922 INFO [42/152] Snapshot f012fa09… (smart-vm-1-2782) [CRASH_CONSISTENT]
2026-05-08 08:45:15,046 INFO [43/152] Snapshot 3dae818d… (smart-vm-1-2799) [CRASH_CONSISTENT]
2026-05-08 08:45:15,203 INFO [44/152] Snapshot 9406bc29… (smart-vm-1-2849) [CRASH_CONSISTENT]
2026-05-08 08:45:15,355 INFO [45/152] Snapshot efed0d3a… (smart-vm-1-2955) [CRASH_CONSISTENT]
2026-05-08 08:45:15,507 INFO [46/152] Snapshot 425f4cec… (smart-vm-1-3091) [CRASH_CONSISTENT]
2026-05-08 08:45:15,687 INFO [47/152] Snapshot e1f674ff… (smart-vm-1-3130) [CRASH_CONSISTENT]
2026-05-08 08:45:15,833 INFO [48/152] Snapshot 9aa98132… (smart-vm-1-3163) [CRASH_CONSISTENT]
2026-05-08 08:45:16,004 INFO [49/152] Snapshot 1d299cf9… (smart-vm-1-3186) [CRASH_CONSISTENT]
2026-05-08 08:45:16,199 INFO [50/152] Snapshot 1a0941e0… (smart-vm-1-3311) [CRASH_CONSISTENT]
2026-05-08 08:45:16,376 INFO --- batch: wait 10 tasks (v4 list) ---
2026-05-08 08:45:16,526 INFO   10 task(s) pending, sleeping 4.0s
2026-05-08 08:45:20,625 INFO   task 221c8b94… VM 1a0941e0… (smart-vm-1-3311) -> SUCCEEDED
2026-05-08 08:45:20,625 INFO   task ed994f74… VM 1d299cf9… (smart-vm-1-3186) -> SUCCEEDED
2026-05-08 08:45:20,625 INFO   task 3e3dbb88… VM 9aa98132… (smart-vm-1-3163) -> SUCCEEDED
2026-05-08 08:45:20,625 INFO   task 388aff21… VM e1f674ff… (smart-vm-1-3130) -> SUCCEEDED
2026-05-08 08:45:20,625 INFO   task 626349ce… VM 425f4cec… (smart-vm-1-3091) -> SUCCEEDED
2026-05-08 08:45:20,625 INFO   task c4f95916… VM efed0d3a… (smart-vm-1-2955) -> SUCCEEDED
2026-05-08 08:45:20,625 INFO   task d4f9800c… VM 9406bc29… (smart-vm-1-2849) -> SUCCEEDED
2026-05-08 08:45:20,625 INFO   task 6272eb95… VM 3dae818d… (smart-vm-1-2799) -> SUCCEEDED
2026-05-08 08:45:20,625 INFO   task 96dfa1b7… VM f012fa09… (smart-vm-1-2782) -> SUCCEEDED
2026-05-08 08:45:20,625 INFO   task 19b52b8a… VM c9da88b7… (smart-vm-1-2709) -> SUCCEEDED
2026-05-08 08:45:20,625 INFO [51/152] Snapshot 7f5a92ac… (smart-vm-1-3397) [CRASH_CONSISTENT]
2026-05-08 08:45:20,708 INFO [52/152] Snapshot ed494a0c… (smart-vm-1-3400) [CRASH_CONSISTENT]
2026-05-08 08:45:20,823 INFO [53/152] Snapshot 03a562a3… (smart-vm-1-3444) [CRASH_CONSISTENT]
2026-05-08 08:45:20,989 INFO [54/152] Snapshot edd64a31… (smart-vm-1-3521) [CRASH_CONSISTENT]
2026-05-08 08:45:21,202 INFO [55/152] Snapshot 79c87337… (smart-vm-1-3571) [CRASH_CONSISTENT]
2026-05-08 08:45:21,343 INFO [56/152] Snapshot 6c277a6f… (smart-vm-1-3577) [CRASH_CONSISTENT]
2026-05-08 08:45:21,502 INFO [57/152] Snapshot c48a3797… (smart-vm-1-3613) [CRASH_CONSISTENT]
2026-05-08 08:45:21,660 INFO [58/152] Snapshot cc8d91ad… (smart-vm-1-3716) [CRASH_CONSISTENT]
2026-05-08 08:45:21,821 INFO [59/152] Snapshot 32336230… (smart-vm-1-3790) [CRASH_CONSISTENT]
2026-05-08 08:45:22,051 INFO [60/152] Snapshot 5ed2b35b… (smart-vm-1-3826) [CRASH_CONSISTENT]
2026-05-08 08:45:22,205 INFO --- batch: wait 10 tasks (v4 list) ---
2026-05-08 08:45:22,349 INFO   10 task(s) pending, sleeping 4.0s
2026-05-08 08:45:26,455 INFO   task cd4ac41c… VM 5ed2b35b… (smart-vm-1-3826) -> SUCCEEDED
2026-05-08 08:45:26,455 INFO   task dd856145… VM 32336230… (smart-vm-1-3790) -> SUCCEEDED
2026-05-08 08:45:26,455 INFO   task 939013aa… VM cc8d91ad… (smart-vm-1-3716) -> SUCCEEDED
2026-05-08 08:45:26,455 INFO   task db9e5932… VM c48a3797… (smart-vm-1-3613) -> SUCCEEDED
2026-05-08 08:45:26,455 INFO   task 5f58a67f… VM 6c277a6f… (smart-vm-1-3577) -> SUCCEEDED
2026-05-08 08:45:26,455 INFO   task c00a7c03… VM 79c87337… (smart-vm-1-3571) -> SUCCEEDED
2026-05-08 08:45:26,455 INFO   task 03fbd0c9… VM edd64a31… (smart-vm-1-3521) -> SUCCEEDED
2026-05-08 08:45:26,455 INFO   task 97b5e362… VM 03a562a3… (smart-vm-1-3444) -> SUCCEEDED
2026-05-08 08:45:26,455 INFO   task 42df63d3… VM ed494a0c… (smart-vm-1-3400) -> SUCCEEDED
2026-05-08 08:45:26,455 INFO   task 82f4dd32… VM 7f5a92ac… (smart-vm-1-3397) -> SUCCEEDED
2026-05-08 08:45:26,455 INFO [61/152] Snapshot cf54321c… (smart-vm-1-3920) [CRASH_CONSISTENT]
2026-05-08 08:45:26,541 INFO [62/152] Snapshot bb5eaad1… (smart-vm-1-4014) [CRASH_CONSISTENT]
2026-05-08 08:45:26,675 INFO [63/152] Snapshot b50d489c… (smart-vm-1-4031) [CRASH_CONSISTENT]
2026-05-08 08:45:26,813 INFO [64/152] Snapshot f18b87ea… (smart-vm-1-4091) [CRASH_CONSISTENT]
2026-05-08 08:45:26,983 INFO [65/152] Snapshot 92de30a3… (smart-vm-1-4288) [CRASH_CONSISTENT]
2026-05-08 08:45:27,135 INFO [66/152] Snapshot 921a35c8… (smart-vm-1-4337) [CRASH_CONSISTENT]
2026-05-08 08:45:27,323 INFO [67/152] Snapshot 42ee0041… (smart-vm-1-4389) [CRASH_CONSISTENT]
2026-05-08 08:45:27,502 INFO [68/152] Snapshot d64c0020… (smart-vm-1-4394) [CRASH_CONSISTENT]
2026-05-08 08:45:27,696 INFO [69/152] Snapshot 67e20b85… (smart-vm-1-4454) [CRASH_CONSISTENT]
2026-05-08 08:45:27,862 INFO [70/152] Snapshot 63b53599… (smart-vm-1-4534) [CRASH_CONSISTENT]
2026-05-08 08:45:28,040 INFO --- batch: wait 10 tasks (v4 list) ---
2026-05-08 08:45:28,191 INFO   task 522d2651… VM bb5eaad1… (smart-vm-1-4014) -> SUCCEEDED
2026-05-08 08:45:28,191 INFO   task cd2be004… VM cf54321c… (smart-vm-1-3920) -> SUCCEEDED
2026-05-08 08:45:28,191 INFO   8 task(s) pending, sleeping 4.0s
2026-05-08 08:45:32,294 INFO   task ee244acc… VM 63b53599… (smart-vm-1-4534) -> SUCCEEDED
2026-05-08 08:45:32,295 INFO   task 92578a8f… VM 67e20b85… (smart-vm-1-4454) -> SUCCEEDED
2026-05-08 08:45:32,295 INFO   task c7650f81… VM d64c0020… (smart-vm-1-4394) -> SUCCEEDED
2026-05-08 08:45:32,295 INFO   task f9e814f9… VM 42ee0041… (smart-vm-1-4389) -> SUCCEEDED
2026-05-08 08:45:32,295 INFO   task 5f441590… VM 921a35c8… (smart-vm-1-4337) -> SUCCEEDED
2026-05-08 08:45:32,295 INFO   task b86608ad… VM 92de30a3… (smart-vm-1-4288) -> SUCCEEDED
2026-05-08 08:45:32,295 INFO   task c6e88993… VM f18b87ea… (smart-vm-1-4091) -> SUCCEEDED
2026-05-08 08:45:32,295 INFO   task e4517d4a… VM b50d489c… (smart-vm-1-4031) -> SUCCEEDED
2026-05-08 08:45:32,295 INFO [71/152] Snapshot 3dec53a9… (smart-vm-1-4622) [CRASH_CONSISTENT]
2026-05-08 08:45:32,378 INFO [72/152] Snapshot a4fb74d1… (smart-vm-1-4622) [CRASH_CONSISTENT]
2026-05-08 08:45:32,517 INFO [73/152] Snapshot 99d4152f… (smart-vm-1-4702) [CRASH_CONSISTENT]
2026-05-08 08:45:32,678 INFO [74/152] Snapshot e7a384ef… (smart-vm-1-4706) [CRASH_CONSISTENT]
2026-05-08 08:45:32,817 INFO [75/152] Snapshot ba1418c7… (smart-vm-1-4877) [CRASH_CONSISTENT]
2026-05-08 08:45:32,989 INFO [76/152] Snapshot 46f183d6… (smart-vm-1-4918) [CRASH_CONSISTENT]
2026-05-08 08:45:33,139 INFO [77/152] Snapshot 9cbed456… (smart-vm-1-4954) [CRASH_CONSISTENT]
2026-05-08 08:45:33,321 INFO [78/152] Snapshot fb25ddef… (smart-vm-1-5040) [CRASH_CONSISTENT]
2026-05-08 08:45:33,492 INFO [79/152] Snapshot d0658ad3… (smart-vm-1-5070) [CRASH_CONSISTENT]
2026-05-08 08:45:33,658 INFO [80/152] Snapshot 8e8c4773… (smart-vm-1-5127) [CRASH_CONSISTENT]
2026-05-08 08:45:33,823 INFO --- batch: wait 10 tasks (v4 list) ---
2026-05-08 08:45:33,995 INFO   task 6c67f114… VM a4fb74d1… (smart-vm-1-4622) -> SUCCEEDED
2026-05-08 08:45:33,995 INFO   9 task(s) pending, sleeping 4.0s
2026-05-08 08:45:38,122 INFO   task 4a05d269… VM 8e8c4773… (smart-vm-1-5127) -> SUCCEEDED
2026-05-08 08:45:38,123 INFO   task 7f953cc2… VM d0658ad3… (smart-vm-1-5070) -> SUCCEEDED
2026-05-08 08:45:38,123 INFO   task f4cd3337… VM fb25ddef… (smart-vm-1-5040) -> SUCCEEDED
2026-05-08 08:45:38,123 INFO   task 5f79aa5a… VM 9cbed456… (smart-vm-1-4954) -> SUCCEEDED
2026-05-08 08:45:38,123 INFO   task 4fb56d17… VM 46f183d6… (smart-vm-1-4918) -> SUCCEEDED
2026-05-08 08:45:38,123 INFO   task e1f1d42b… VM ba1418c7… (smart-vm-1-4877) -> SUCCEEDED
2026-05-08 08:45:38,123 INFO   task 7f7fdbba… VM e7a384ef… (smart-vm-1-4706) -> SUCCEEDED
2026-05-08 08:45:38,123 INFO   task 867f45b9… VM 99d4152f… (smart-vm-1-4702) -> SUCCEEDED
2026-05-08 08:45:38,123 INFO   task 21102830… VM 3dec53a9… (smart-vm-1-4622) -> SUCCEEDED
2026-05-08 08:45:38,123 INFO [81/152] Snapshot 1ab10033… (smart-vm-1-5159) [CRASH_CONSISTENT]
2026-05-08 08:45:38,241 INFO [82/152] Snapshot a7ef7a5c… (smart-vm-1-5247) [CRASH_CONSISTENT]
2026-05-08 08:45:38,448 INFO [83/152] Snapshot 60058907… (smart-vm-1-5253) [CRASH_CONSISTENT]
2026-05-08 08:45:38,672 INFO [84/152] Snapshot d0c50043… (smart-vm-1-5270) [CRASH_CONSISTENT]
2026-05-08 08:45:38,957 INFO [85/152] Snapshot 59739f4e… (smart-vm-1-5294) [CRASH_CONSISTENT]
2026-05-08 08:45:39,254 INFO [86/152] Snapshot c399e289… (smart-vm-1-5329) [CRASH_CONSISTENT]
2026-05-08 08:45:39,411 INFO [87/152] Snapshot 69243d80… (smart-vm-1-5344) [CRASH_CONSISTENT]
2026-05-08 08:45:39,618 INFO [88/152] Snapshot 6932c866… (smart-vm-1-5434) [CRASH_CONSISTENT]
2026-05-08 08:45:39,811 INFO [89/152] Snapshot e21fcc1b… (smart-vm-1-5480) [CRASH_CONSISTENT]
2026-05-08 08:45:39,974 INFO [90/152] Snapshot fd6e003f… (smart-vm-1-5554) [CRASH_CONSISTENT]
2026-05-08 08:45:40,164 INFO --- batch: wait 10 tasks (v4 list) ---
2026-05-08 08:45:40,315 INFO   10 task(s) pending, sleeping 4.0s
2026-05-08 08:45:44,429 INFO   task 6284bf52… VM fd6e003f… (smart-vm-1-5554) -> SUCCEEDED
2026-05-08 08:45:44,429 INFO   task d9d677b7… VM e21fcc1b… (smart-vm-1-5480) -> SUCCEEDED
2026-05-08 08:45:44,429 INFO   task c6dbc93b… VM 6932c866… (smart-vm-1-5434) -> SUCCEEDED
2026-05-08 08:45:44,429 INFO   task b67d3869… VM 69243d80… (smart-vm-1-5344) -> SUCCEEDED
2026-05-08 08:45:44,429 INFO   task 5551d1be… VM c399e289… (smart-vm-1-5329) -> SUCCEEDED
2026-05-08 08:45:44,429 INFO   task 639e24af… VM 59739f4e… (smart-vm-1-5294) -> SUCCEEDED
2026-05-08 08:45:44,429 INFO   task 4c75ea37… VM d0c50043… (smart-vm-1-5270) -> SUCCEEDED
2026-05-08 08:45:44,429 INFO   task 79d82048… VM 60058907… (smart-vm-1-5253) -> SUCCEEDED
2026-05-08 08:45:44,429 INFO   task 4c96323b… VM a7ef7a5c… (smart-vm-1-5247) -> SUCCEEDED
2026-05-08 08:45:44,429 INFO   task b760d868… VM 1ab10033… (smart-vm-1-5159) -> SUCCEEDED
2026-05-08 08:45:44,430 INFO [91/152] Snapshot 758cc22f… (smart-vm-1-5556) [CRASH_CONSISTENT]
2026-05-08 08:45:44,514 INFO [92/152] Snapshot 7f24f09d… (smart-vm-1-5592) [CRASH_CONSISTENT]
2026-05-08 08:45:44,637 INFO [93/152] Snapshot a9ca6da1… (smart-vm-1-5635) [CRASH_CONSISTENT]
2026-05-08 08:45:44,789 INFO [94/152] Snapshot 02e2e916… (smart-vm-1-5744) [CRASH_CONSISTENT]
2026-05-08 08:45:44,952 INFO [95/152] Snapshot d95c71d9… (smart-vm-1-5781) [CRASH_CONSISTENT]
2026-05-08 08:45:45,086 INFO [96/152] Snapshot 962bef2f… (smart-vm-1-5796) [CRASH_CONSISTENT]
2026-05-08 08:45:45,294 INFO [97/152] Snapshot dfc2fb97… (smart-vm-1-5828) [CRASH_CONSISTENT]
2026-05-08 08:45:45,530 INFO [98/152] Snapshot 59b7ab86… (smart-vm-1-5942) [CRASH_CONSISTENT]
2026-05-08 08:45:45,692 INFO [99/152] Snapshot cec93981… (smart-vm-1-5959) [CRASH_CONSISTENT]
2026-05-08 08:45:45,893 INFO [100/152] Snapshot 0c580911… (smart-vm-1-6069) [CRASH_CONSISTENT]
2026-05-08 08:45:46,073 INFO --- batch: wait 10 tasks (v4 list) ---
2026-05-08 08:45:46,222 INFO   10 task(s) pending, sleeping 4.0s
2026-05-08 08:45:50,339 INFO   task 58c06fc0… VM 0c580911… (smart-vm-1-6069) -> SUCCEEDED
2026-05-08 08:45:50,339 INFO   task 49bb2220… VM cec93981… (smart-vm-1-5959) -> SUCCEEDED
2026-05-08 08:45:50,339 INFO   task c7da8abb… VM 59b7ab86… (smart-vm-1-5942) -> SUCCEEDED
2026-05-08 08:45:50,339 INFO   task 1325ee06… VM dfc2fb97… (smart-vm-1-5828) -> SUCCEEDED
2026-05-08 08:45:50,339 INFO   task 33d2337e… VM 962bef2f… (smart-vm-1-5796) -> SUCCEEDED
2026-05-08 08:45:50,339 INFO   task 2c208574… VM d95c71d9… (smart-vm-1-5781) -> SUCCEEDED
2026-05-08 08:45:50,339 INFO   task 377bf281… VM 02e2e916… (smart-vm-1-5744) -> SUCCEEDED
2026-05-08 08:45:50,339 INFO   task 75b9d785… VM a9ca6da1… (smart-vm-1-5635) -> SUCCEEDED
2026-05-08 08:45:50,339 INFO   task 2009f440… VM 7f24f09d… (smart-vm-1-5592) -> SUCCEEDED
2026-05-08 08:45:50,339 INFO   task 2d609558… VM 758cc22f… (smart-vm-1-5556) -> SUCCEEDED
2026-05-08 08:45:50,339 INFO [101/152] Snapshot 84b6c1de… (smart-vm-1-6229) [CRASH_CONSISTENT]
2026-05-08 08:45:50,425 INFO [102/152] Snapshot 59aaccb3… (smart-vm-1-6246) [CRASH_CONSISTENT]
2026-05-08 08:45:50,556 INFO [103/152] Snapshot e4f2a746… (smart-vm-1-6248) [CRASH_CONSISTENT]
2026-05-08 08:45:50,710 INFO [104/152] Snapshot 1b22a803… (smart-vm-1-6368) [CRASH_CONSISTENT]
2026-05-08 08:45:50,856 INFO [105/152] Snapshot 096910bc… (smart-vm-1-6562) [CRASH_CONSISTENT]
2026-05-08 08:45:51,020 INFO [106/152] Snapshot 146982b9… (smart-vm-1-6670) [CRASH_CONSISTENT]
2026-05-08 08:45:51,181 INFO [107/152] Snapshot 1763a29c… (smart-vm-1-6722) [CRASH_CONSISTENT]
2026-05-08 08:45:51,364 INFO [108/152] Snapshot 1b4604ae… (smart-vm-1-6761) [CRASH_CONSISTENT]
2026-05-08 08:45:51,550 INFO [109/152] Snapshot 7a481d2e… (smart-vm-1-6834) [CRASH_CONSISTENT]
2026-05-08 08:45:51,711 INFO [110/152] Snapshot f0417751… (smart-vm-1-6906) [CRASH_CONSISTENT]
2026-05-08 08:45:51,910 INFO --- batch: wait 10 tasks (v4 list) ---
2026-05-08 08:45:52,055 INFO   10 task(s) pending, sleeping 4.0s
2026-05-08 08:45:56,153 INFO   task 331a2eb8… VM f0417751… (smart-vm-1-6906) -> SUCCEEDED
2026-05-08 08:45:56,153 INFO   task 670ff26b… VM 7a481d2e… (smart-vm-1-6834) -> SUCCEEDED
2026-05-08 08:45:56,153 INFO   task 92c66af8… VM 1b4604ae… (smart-vm-1-6761) -> SUCCEEDED
2026-05-08 08:45:56,153 INFO   task 393fb85a… VM 1763a29c… (smart-vm-1-6722) -> SUCCEEDED
2026-05-08 08:45:56,153 INFO   task 23b6b41b… VM 146982b9… (smart-vm-1-6670) -> SUCCEEDED
2026-05-08 08:45:56,153 INFO   task 2e4bd47c… VM 096910bc… (smart-vm-1-6562) -> SUCCEEDED
2026-05-08 08:45:56,153 INFO   task ba3ec3f1… VM 1b22a803… (smart-vm-1-6368) -> SUCCEEDED
2026-05-08 08:45:56,153 INFO   task 04a0cd90… VM e4f2a746… (smart-vm-1-6248) -> SUCCEEDED
2026-05-08 08:45:56,153 INFO   task 5d59a697… VM 59aaccb3… (smart-vm-1-6246) -> SUCCEEDED
2026-05-08 08:45:56,153 INFO   task 7226f857… VM 84b6c1de… (smart-vm-1-6229) -> SUCCEEDED
2026-05-08 08:45:56,153 INFO [111/152] Snapshot 1d100166… (smart-vm-1-6942) [CRASH_CONSISTENT]
2026-05-08 08:45:56,235 INFO [112/152] Snapshot 81a41797… (smart-vm-1-6982) [CRASH_CONSISTENT]
2026-05-08 08:45:56,354 INFO [113/152] Snapshot 3efb52ff… (smart-vm-1-7097) [CRASH_CONSISTENT]
2026-05-08 08:45:56,528 INFO [114/152] Snapshot ea378583… (smart-vm-1-7139) [CRASH_CONSISTENT]
2026-05-08 08:45:56,690 INFO [115/152] Snapshot 4e6309ef… (smart-vm-1-7159) [CRASH_CONSISTENT]
2026-05-08 08:45:56,858 INFO [116/152] Snapshot 56f7209e… (smart-vm-1-7178) [CRASH_CONSISTENT]
2026-05-08 08:45:56,991 INFO [117/152] Snapshot dc8a232a… (smart-vm-1-7192) [CRASH_CONSISTENT]
2026-05-08 08:45:57,161 INFO [118/152] Snapshot f10d3b53… (smart-vm-1-7317) [CRASH_CONSISTENT]
2026-05-08 08:45:57,349 INFO [119/152] Snapshot 77babc5a… (smart-vm-1-7350) [CRASH_CONSISTENT]
2026-05-08 08:45:57,552 INFO [120/152] Snapshot 75faa893… (smart-vm-1-7390) [CRASH_CONSISTENT]
2026-05-08 08:45:57,713 INFO --- batch: wait 10 tasks (v4 list) ---
2026-05-08 08:45:57,866 INFO   10 task(s) pending, sleeping 4.0s
2026-05-08 08:46:01,994 INFO   task cea9ba5b… VM 75faa893… (smart-vm-1-7390) -> SUCCEEDED
2026-05-08 08:46:01,994 INFO   task 7ea27e18… VM 77babc5a… (smart-vm-1-7350) -> SUCCEEDED
2026-05-08 08:46:01,994 INFO   task cdfc76ec… VM f10d3b53… (smart-vm-1-7317) -> SUCCEEDED
2026-05-08 08:46:01,994 INFO   task ed7ea3d7… VM dc8a232a… (smart-vm-1-7192) -> SUCCEEDED
2026-05-08 08:46:01,994 INFO   task eaa6587a… VM 56f7209e… (smart-vm-1-7178) -> SUCCEEDED
2026-05-08 08:46:01,994 INFO   task bba3fa57… VM 4e6309ef… (smart-vm-1-7159) -> SUCCEEDED
2026-05-08 08:46:01,994 INFO   task a7af2ee3… VM ea378583… (smart-vm-1-7139) -> SUCCEEDED
2026-05-08 08:46:01,994 INFO   task 84cb8545… VM 3efb52ff… (smart-vm-1-7097) -> SUCCEEDED
2026-05-08 08:46:01,994 INFO   task b6f7d7a8… VM 81a41797… (smart-vm-1-6982) -> SUCCEEDED
2026-05-08 08:46:01,994 INFO   task 0a4dca44… VM 1d100166… (smart-vm-1-6942) -> SUCCEEDED
2026-05-08 08:46:01,994 INFO [121/152] Snapshot f5050838… (smart-vm-1-7412) [CRASH_CONSISTENT]
2026-05-08 08:46:02,100 INFO [122/152] Snapshot d21cdae5… (smart-vm-1-7435) [CRASH_CONSISTENT]
2026-05-08 08:46:02,284 INFO [123/152] Snapshot 608146d0… (smart-vm-1-7596) [CRASH_CONSISTENT]
2026-05-08 08:46:02,454 INFO [124/152] Snapshot 8af6b021… (smart-vm-1-7729) [CRASH_CONSISTENT]
2026-05-08 08:46:02,599 INFO [125/152] Snapshot 0a9a6b83… (smart-vm-1-7766) [CRASH_CONSISTENT]
2026-05-08 08:46:02,804 INFO [126/152] Snapshot aae125ce… (smart-vm-1-7767) [CRASH_CONSISTENT]
2026-05-08 08:46:02,974 INFO [127/152] Snapshot a703d457… (smart-vm-1-7991) [CRASH_CONSISTENT]
2026-05-08 08:46:03,152 INFO [128/152] Snapshot 899fc1e0… (smart-vm-1-8172) [CRASH_CONSISTENT]
2026-05-08 08:46:03,306 INFO [129/152] Snapshot 9567b7a8… (smart-vm-1-8236) [CRASH_CONSISTENT]
2026-05-08 08:46:03,536 INFO [130/152] Snapshot 26359044… (smart-vm-1-8256) [CRASH_CONSISTENT]
2026-05-08 08:46:03,786 INFO --- batch: wait 10 tasks (v4 list) ---
2026-05-08 08:46:03,946 INFO   10 task(s) pending, sleeping 4.0s
2026-05-08 08:46:08,058 INFO   task 4d38994a… VM 26359044… (smart-vm-1-8256) -> SUCCEEDED
2026-05-08 08:46:08,059 INFO   task 3a9e8e90… VM 9567b7a8… (smart-vm-1-8236) -> SUCCEEDED
2026-05-08 08:46:08,059 INFO   task 55cc7ad1… VM 899fc1e0… (smart-vm-1-8172) -> SUCCEEDED
2026-05-08 08:46:08,059 INFO   task 02649372… VM a703d457… (smart-vm-1-7991) -> SUCCEEDED
2026-05-08 08:46:08,059 INFO   task 89d29b25… VM aae125ce… (smart-vm-1-7767) -> SUCCEEDED
2026-05-08 08:46:08,059 INFO   task 3e52c835… VM 0a9a6b83… (smart-vm-1-7766) -> SUCCEEDED
2026-05-08 08:46:08,059 INFO   task 5a2fb728… VM 8af6b021… (smart-vm-1-7729) -> SUCCEEDED
2026-05-08 08:46:08,059 INFO   task 8ab5c739… VM 608146d0… (smart-vm-1-7596) -> SUCCEEDED
2026-05-08 08:46:08,059 INFO   task 34cd0d22… VM d21cdae5… (smart-vm-1-7435) -> SUCCEEDED
2026-05-08 08:46:08,059 INFO   task 30e6dc90… VM f5050838… (smart-vm-1-7412) -> SUCCEEDED
2026-05-08 08:46:08,059 INFO [131/152] Snapshot 2e1aa6a8… (smart-vm-1-8264) [CRASH_CONSISTENT]
2026-05-08 08:46:08,158 INFO [132/152] Snapshot 84fe88db… (smart-vm-1-8266) [CRASH_CONSISTENT]
2026-05-08 08:46:08,305 INFO [133/152] Snapshot 5b9a1b7b… (smart-vm-1-8304) [CRASH_CONSISTENT]
2026-05-08 08:46:08,467 INFO [134/152] Snapshot 71801a3b… (smart-vm-1-8392) [CRASH_CONSISTENT]
2026-05-08 08:46:08,691 INFO [135/152] Snapshot 4a990970… (smart-vm-1-8434) [CRASH_CONSISTENT]
2026-05-08 08:46:08,867 INFO [136/152] Snapshot b70ec420… (smart-vm-1-8479) [CRASH_CONSISTENT]
2026-05-08 08:46:09,060 INFO [137/152] Snapshot 55f42398… (smart-vm-1-8547) [CRASH_CONSISTENT]
2026-05-08 08:46:09,226 INFO [138/152] Snapshot 0a27ce63… (smart-vm-1-8549) [CRASH_CONSISTENT]
2026-05-08 08:46:09,489 INFO [139/152] Snapshot 48b9ed21… (smart-vm-1-8606) [CRASH_CONSISTENT]
2026-05-08 08:46:09,680 INFO [140/152] Snapshot 008e72ff… (smart-vm-1-8765) [CRASH_CONSISTENT]
2026-05-08 08:46:09,890 INFO --- batch: wait 10 tasks (v4 list) ---
2026-05-08 08:46:10,055 INFO   task 11665a14… VM 5b9a1b7b… (smart-vm-1-8304) -> SUCCEEDED
2026-05-08 08:46:10,055 INFO   task da261bb2… VM 84fe88db… (smart-vm-1-8266) -> SUCCEEDED
2026-05-08 08:46:10,055 INFO   task fe7fb204… VM 2e1aa6a8… (smart-vm-1-8264) -> SUCCEEDED
2026-05-08 08:46:10,055 INFO   7 task(s) pending, sleeping 4.0s
2026-05-08 08:46:14,173 INFO   task 1c6cfec9… VM 008e72ff… (smart-vm-1-8765) -> SUCCEEDED
2026-05-08 08:46:14,173 INFO   task 64907862… VM 48b9ed21… (smart-vm-1-8606) -> SUCCEEDED
2026-05-08 08:46:14,173 INFO   task be1f1d24… VM 0a27ce63… (smart-vm-1-8549) -> SUCCEEDED
2026-05-08 08:46:14,173 INFO   task 9b43b2fb… VM 55f42398… (smart-vm-1-8547) -> SUCCEEDED
2026-05-08 08:46:14,173 INFO   task 98858517… VM b70ec420… (smart-vm-1-8479) -> SUCCEEDED
2026-05-08 08:46:14,173 INFO   task f4b35e98… VM 4a990970… (smart-vm-1-8434) -> SUCCEEDED
2026-05-08 08:46:14,173 INFO   task 2f2a49b0… VM 71801a3b… (smart-vm-1-8392) -> SUCCEEDED
2026-05-08 08:46:14,173 INFO [141/152] Snapshot 5f7988de… (smart-vm-1-8988) [CRASH_CONSISTENT]
2026-05-08 08:46:14,260 INFO [142/152] Snapshot 45d5d386… (smart-vm-1-9106) [CRASH_CONSISTENT]
2026-05-08 08:46:14,388 INFO [143/152] Snapshot ff9d3ffa… (smart-vm-1-9123) [CRASH_CONSISTENT]
2026-05-08 08:46:14,559 INFO [144/152] Snapshot 3adfd839… (smart-vm-1-9166) [CRASH_CONSISTENT]
2026-05-08 08:46:14,699 INFO [145/152] Snapshot cfa4de77… (smart-vm-1-9197) [CRASH_CONSISTENT]
2026-05-08 08:46:14,857 INFO [146/152] Snapshot 66daf272… (smart-vm-1-9360) [CRASH_CONSISTENT]
2026-05-08 08:46:15,003 INFO [147/152] Snapshot 5a7f9f27… (smart-vm-1-9370) [CRASH_CONSISTENT]
2026-05-08 08:46:15,193 INFO [148/152] Snapshot ba4c7025… (smart-vm-1-9471) [CRASH_CONSISTENT]
2026-05-08 08:46:15,352 INFO [149/152] Snapshot 2b7c914e… (smart-vm-1-9558) [CRASH_CONSISTENT]
2026-05-08 08:46:15,530 INFO [150/152] Snapshot fd7342ac… (smart-vm-1-9799) [CRASH_CONSISTENT]
2026-05-08 08:46:15,719 INFO --- batch: wait 10 tasks (v4 list) ---
2026-05-08 08:46:15,861 INFO   10 task(s) pending, sleeping 4.0s
2026-05-08 08:46:19,993 INFO   task 782d1414… VM fd7342ac… (smart-vm-1-9799) -> SUCCEEDED
2026-05-08 08:46:19,993 INFO   task 61d286be… VM 2b7c914e… (smart-vm-1-9558) -> SUCCEEDED
2026-05-08 08:46:19,993 INFO   task a2cea8cd… VM ba4c7025… (smart-vm-1-9471) -> SUCCEEDED
2026-05-08 08:46:19,993 INFO   task 54183ff4… VM 5a7f9f27… (smart-vm-1-9370) -> SUCCEEDED
2026-05-08 08:46:19,993 INFO   task 33a64157… VM 66daf272… (smart-vm-1-9360) -> SUCCEEDED
2026-05-08 08:46:19,993 INFO   task cd7e48b6… VM cfa4de77… (smart-vm-1-9197) -> SUCCEEDED
2026-05-08 08:46:19,993 INFO   task 5bbd8555… VM 3adfd839… (smart-vm-1-9166) -> SUCCEEDED
2026-05-08 08:46:19,993 INFO   task 28327bc3… VM ff9d3ffa… (smart-vm-1-9123) -> SUCCEEDED
2026-05-08 08:46:19,993 INFO   task 0c2448df… VM 45d5d386… (smart-vm-1-9106) -> SUCCEEDED
2026-05-08 08:46:19,993 INFO   task 0bc27a1a… VM 5f7988de… (smart-vm-1-8988) -> SUCCEEDED
2026-05-08 08:46:19,993 INFO [151/152] Snapshot 139984e2… (ST_Test_101) [CRASH_CONSISTENT]
2026-05-08 08:46:20,079 INFO [152/152] Snapshot 01a4e553… (ST_Test_102) [CRASH_CONSISTENT]
2026-05-08 08:46:20,190 INFO --- final: wait 2 tasks (v4 list) ---
2026-05-08 08:46:20,314 INFO   2 task(s) pending, sleeping 4.0s
2026-05-08 08:46:24,432 INFO   task be50d9e3… VM 01a4e553… (ST_Test_102) -> SUCCEEDED
2026-05-08 08:46:24,433 INFO   task 20e99d29… VM 139984e2… (ST_Test_101) -> SUCCEEDED
2026-05-08 08:46:24,433 INFO Done.
2026-05-08 08:46:24,433 INFO 
=== Summary ===
  ignored (name rules):  0
  succeeded (tasks):     151
  failed (API or task): 1
  other (task status / timed out): 0
2026-05-08 08:46:24,433 INFO Wall clock: 94.2s for 152 VM(s) targeted (mode=series, batch_size=10)
