2026-06-09 15:28:44,811 INFO Listing VMs…
2026-06-09 15:28:45,313 INFO Found 2345 VMs to snapshot (ignored by name rules: 0).
2026-06-09 15:28:45,313 INFO   a4984e79-24b3-4b41-5235-135d1f5ca51c  ahv_bp_vm_1_nqns-0-260514-031045
2026-06-09 15:28:45,313 INFO   48839b1c-7276-4dd6-5b99-f87a2cae00c3  ahv_bp_vm_1_sneq-0-260522-112645
2026-06-09 15:28:45,313 INFO   2baa308c-557b-4e80-6ab8-22ec969f442d  ahv_bp_vm_1_sneq-0-260522-115145
2026-06-09 15:28:45,313 INFO   27a258da-5a37-4e9a-5fb5-d9be326026d7  ahv_bp_vm_1_xa28-0-260514-044905
2026-06-09 15:28:45,313 INFO   37d9bd88-d058-4ba7-67ee-a04b12f1dcf3  ahv_bp_vm_1_xa28-0-260514-044905
2026-06-09 15:28:45,313 INFO   3cf92f37-ee96-4714-4542-ff0154bbf886  ahv_bp_vm_1_xznn-0-260516-110600
2026-06-09 15:28:45,313 INFO   93c4ca00-af29-4b91-755f-75ebd32bb88a  ahv_bp_vm_1_xznn-0-260516-111016
2026-06-09 15:28:45,313 INFO   4fcead27-8f8b-4bd4-5014-fba0d10f99a0  ahv_ins_delete-0-260514-053133
2026-06-09 15:28:45,313 INFO   014e2a4c-d52a-483c-7b8a-ccd263a39a0a  ahv_ins_delete-0-260514-054142
2026-06-09 15:28:45,313 INFO   44d84680-cd4a-416f-71ac-65ba10b4241e  ahv_ins_delete-0-260514-054356
2026-06-09 15:28:45,313 INFO   cf35e095-4c9c-4f85-4a55-edbfdf2a437d  ahv_ins_delete-0-260514-081710
2026-06-09 15:28:45,313 INFO   2900922b-fad1-4151-61f7-7d4bc236566f  ahv_ins_delete-0-260514-082142
2026-06-09 15:28:45,313 INFO   ee0c5e92-7f50-4f86-6636-9ea841a2a825  ahv_ins_delete-0-260514-133955
2026-06-09 15:28:45,313 INFO   a9b1e411-7af2-46e0-67a6-63a10dae2205  ahv_ins_delete-0-260514-134246
2026-06-09 15:28:45,313 INFO   c224318a-46a9-4127-732d-a4d7b6a1267d  ahv_ins_delete-0-260514-134337
2026-06-09 15:28:45,313 INFO   … +2330 more
2026-06-09 15:28:45,313 INFO Snapshot API trigger mode: series
2026-06-09 15:28:45,313 INFO [1/2345] Snapshot a4984e79… (ahv_bp_vm_1_nqns-0-260514-031045) [CRASH_CONSISTENT]
2026-06-09 15:28:45,419 INFO [2/2345] Snapshot 48839b1c… (ahv_bp_vm_1_sneq-0-260522-112645) [CRASH_CONSISTENT]
2026-06-09 15:28:45,552 INFO [3/2345] Snapshot 2baa308c… (ahv_bp_vm_1_sneq-0-260522-115145) [CRASH_CONSISTENT]
2026-06-09 15:28:45,784 INFO [4/2345] Snapshot 27a258da… (ahv_bp_vm_1_xa28-0-260514-044905) [CRASH_CONSISTENT]
2026-06-09 15:28:46,007 INFO [5/2345] Snapshot 37d9bd88… (ahv_bp_vm_1_xa28-0-260514-044905) [CRASH_CONSISTENT]
2026-06-09 15:28:46,246 INFO [6/2345] Snapshot 3cf92f37… (ahv_bp_vm_1_xznn-0-260516-110600) [CRASH_CONSISTENT]
2026-06-09 15:28:46,493 INFO [7/2345] Snapshot 93c4ca00… (ahv_bp_vm_1_xznn-0-260516-111016) [CRASH_CONSISTENT]
2026-06-09 15:28:46,706 INFO [8/2345] Snapshot 4fcead27… (ahv_ins_delete-0-260514-053133) [CRASH_CONSISTENT]
2026-06-09 15:28:47,050 INFO [9/2345] Snapshot 014e2a4c… (ahv_ins_delete-0-260514-054142) [CRASH_CONSISTENT]
2026-06-09 15:28:47,252 INFO [10/2345] Snapshot 44d84680… (ahv_ins_delete-0-260514-054356) [CRASH_CONSISTENT]
2026-06-09 15:28:47,487 INFO --- batch: wait 10 tasks (v4 list) ---
2026-06-09 15:28:47,755 INFO   10 task(s) pending, sleeping 4.0s
2026-06-09 15:28:51,960 INFO   task 73c4d74f… VM 014e2a4c… (ahv_ins_delete-0-260514-054142) -> SUCCEEDED
2026-06-09 15:28:51,960 INFO   task 1c92d350… VM 4fcead27… (ahv_ins_delete-0-260514-053133) -> SUCCEEDED
2026-06-09 15:28:51,960 INFO   task 94f527f6… VM 93c4ca00… (ahv_bp_vm_1_xznn-0-260516-111016) -> SUCCEEDED
2026-06-09 15:28:51,960 INFO   task 9bab1df7… VM 3cf92f37… (ahv_bp_vm_1_xznn-0-260516-110600) -> SUCCEEDED
2026-06-09 15:28:51,960 INFO   task 841bb6a6… VM 37d9bd88… (ahv_bp_vm_1_xa28-0-260514-044905) -> SUCCEEDED
2026-06-09 15:28:51,960 INFO   task 0a4abbfa… VM 27a258da… (ahv_bp_vm_1_xa28-0-260514-044905) -> SUCCEEDED
2026-06-09 15:28:51,960 INFO   task a78e2841… VM 2baa308c… (ahv_bp_vm_1_sneq-0-260522-115145) -> SUCCEEDED
2026-06-09 15:28:51,960 INFO   task 8d6650ab… VM 48839b1c… (ahv_bp_vm_1_sneq-0-260522-112645) -> SUCCEEDED
2026-06-09 15:28:51,960 INFO   task 78e750b2… VM a4984e79… (ahv_bp_vm_1_nqns-0-260514-031045) -> SUCCEEDED
2026-06-09 15:28:51,960 INFO   1 task(s) pending, sleeping 4.0s
2026-06-09 15:28:56,171 INFO   task d89a1c26… VM 44d84680… (ahv_ins_delete-0-260514-054356) -> SUCCEEDED
2026-06-09 15:28:56,171 INFO [11/2345] Snapshot cf35e095… (ahv_ins_delete-0-260514-081710) [CRASH_CONSISTENT]
2026-06-09 15:28:56,293 INFO [12/2345] Snapshot 2900922b… (ahv_ins_delete-0-260514-082142) [CRASH_CONSISTENT]
2026-06-09 15:28:56,495 INFO [13/2345] Snapshot ee0c5e92… (ahv_ins_delete-0-260514-133955) [CRASH_CONSISTENT]
2026-06-09 15:28:56,698 INFO [14/2345] Snapshot a9b1e411… (ahv_ins_delete-0-260514-134246) [CRASH_CONSISTENT]
2026-06-09 15:28:56,944 INFO [15/2345] Snapshot c224318a… (ahv_ins_delete-0-260514-134337) [CRASH_CONSISTENT]
2026-06-09 15:28:57,120 INFO [16/2345] Snapshot 58da0ea2… (ahv_ins_delete-0-260514-134636) [CRASH_CONSISTENT]
2026-06-09 15:28:57,322 INFO [17/2345] Snapshot 89890b9a… (ahv_ins_delete-0-260514-140657) [CRASH_CONSISTENT]
2026-06-09 15:28:57,507 INFO [18/2345] Snapshot b5b27c85… (ahv_ins_delete-0-260514-141049) [CRASH_CONSISTENT]
2026-06-09 15:28:57,710 INFO [19/2345] Snapshot 4af7b0e8… (ahv_ins_delete-0-260514-145645) [CRASH_CONSISTENT]
2026-06-09 15:28:57,924 INFO [20/2345] Snapshot a3f43011… (ahv_ins_delete-0-260514-174411) [CRASH_CONSISTENT]
2026-06-09 15:28:58,195 INFO --- batch: wait 10 tasks (v4 list) ---
2026-06-09 15:28:58,453 INFO   10 task(s) pending, sleeping 4.0s
2026-06-09 15:29:02,715 INFO   task ec74b751… VM 4af7b0e8… (ahv_ins_delete-0-260514-145645) -> SUCCEEDED
2026-06-09 15:29:02,715 INFO   task b3fd707b… VM b5b27c85… (ahv_ins_delete-0-260514-141049) -> SUCCEEDED
2026-06-09 15:29:02,715 INFO   task c8eff033… VM 89890b9a… (ahv_ins_delete-0-260514-140657) -> SUCCEEDED
2026-06-09 15:29:02,715 INFO   task c4e53f3b… VM 58da0ea2… (ahv_ins_delete-0-260514-134636) -> SUCCEEDED
2026-06-09 15:29:02,715 INFO   task ce4e29ce… VM c224318a… (ahv_ins_delete-0-260514-134337) -> SUCCEEDED
2026-06-09 15:29:02,715 INFO   task c4d7cf0e… VM a9b1e411… (ahv_ins_delete-0-260514-134246) -> SUCCEEDED
2026-06-09 15:29:02,715 INFO   task 3471c577… VM ee0c5e92… (ahv_ins_delete-0-260514-133955) -> SUCCEEDED
2026-06-09 15:29:02,716 INFO   task d17ed6d0… VM 2900922b… (ahv_ins_delete-0-260514-082142) -> SUCCEEDED
2026-06-09 15:29:02,716 INFO   task 86301477… VM cf35e095… (ahv_ins_delete-0-260514-081710) -> SUCCEEDED
2026-06-09 15:29:02,716 INFO   1 task(s) pending, sleeping 4.0s
2026-06-09 15:29:06,889 INFO   task 67827659… VM a3f43011… (ahv_ins_delete-0-260514-174411) -> SUCCEEDED
2026-06-09 15:29:06,889 INFO [21/2345] Snapshot 9d59ee99… (ahv_ins_delete-0-260514-174752) [CRASH_CONSISTENT]
2026-06-09 15:29:07,019 INFO [22/2345] Snapshot 260a1d9d… (ahv_ins_delete-0-260514-175832) [CRASH_CONSISTENT]
2026-06-09 15:29:07,205 INFO [23/2345] Snapshot a89a0471… (ahv_ins_delete-0-260514-175843) [CRASH_CONSISTENT]
2026-06-09 15:29:07,456 INFO [24/2345] Snapshot 4bbfd520… (ahv_ins_delete-0-260514-175854) [CRASH_CONSISTENT]
2026-06-09 15:29:07,597 INFO [25/2345] Snapshot 30846fe3… (ahv_ins_delete-0-260514-175857) [CRASH_CONSISTENT]
2026-06-09 15:29:07,811 INFO [26/2345] Snapshot 3223efbb… (ahv_ins_delete-0-260514-175858) [CRASH_CONSISTENT]
2026-06-09 15:29:08,042 INFO [27/2345] Snapshot 8f0a6fff… (ahv_ins_delete-0-260514-190346) [CRASH_CONSISTENT]
2026-06-09 15:29:08,276 INFO [28/2345] Snapshot d20c362f… (ahv_ins_delete-0-260514-190347) [CRASH_CONSISTENT]
2026-06-09 15:29:08,499 INFO [29/2345] Snapshot d3265fac… (ahv_ins_delete-0-260514-190352) [CRASH_CONSISTENT]
2026-06-09 15:29:08,710 INFO [30/2345] Snapshot bae249de… (ahv_ins_delete-0-260514-190402) [CRASH_CONSISTENT]
2026-06-09 15:29:08,948 INFO --- batch: wait 10 tasks (v4 list) ---
2026-06-09 15:29:09,208 INFO   10 task(s) pending, sleeping 4.0s
2026-06-09 15:29:13,414 INFO   task 95d1b1d2… VM d3265fac… (ahv_ins_delete-0-260514-190352) -> SUCCEEDED
2026-06-09 15:29:13,414 INFO   task 47a6fddb… VM d20c362f… (ahv_ins_delete-0-260514-190347) -> SUCCEEDED
2026-06-09 15:29:13,414 INFO   task 5ddeab61… VM 8f0a6fff… (ahv_ins_delete-0-260514-190346) -> SUCCEEDED
2026-06-09 15:29:13,414 INFO   task 2127ddf9… VM 3223efbb… (ahv_ins_delete-0-260514-175858) -> SUCCEEDED
2026-06-09 15:29:13,414 INFO   task 7cb08b8f… VM 30846fe3… (ahv_ins_delete-0-260514-175857) -> SUCCEEDED
2026-06-09 15:29:13,414 INFO   task 8272c003… VM 4bbfd520… (ahv_ins_delete-0-260514-175854) -> SUCCEEDED
2026-06-09 15:29:13,414 INFO   task 46765d07… VM a89a0471… (ahv_ins_delete-0-260514-175843) -> SUCCEEDED
2026-06-09 15:29:13,414 INFO   task 67323c74… VM 260a1d9d… (ahv_ins_delete-0-260514-175832) -> SUCCEEDED
2026-06-09 15:29:13,414 INFO   task 264c2060… VM 9d59ee99… (ahv_ins_delete-0-260514-174752) -> SUCCEEDED
2026-06-09 15:29:13,414 INFO   1 task(s) pending, sleeping 4.0s
2026-06-09 15:29:17,603 INFO   task a03d9460… VM bae249de… (ahv_ins_delete-0-260514-190402) -> SUCCEEDED
2026-06-09 15:29:17,603 INFO [31/2345] Snapshot db157941… (ahv_ins_delete-0-260514-190412) [CRASH_CONSISTENT]
2026-06-09 15:29:17,737 INFO [32/2345] Snapshot 99a5ef9e… (ahv_ins_delete-0-260514-190937) [CRASH_CONSISTENT]
2026-06-09 15:29:17,938 INFO [33/2345] Snapshot 37098924… (ahv_ins_delete-0-260514-190940) [CRASH_CONSISTENT]
2026-06-09 15:29:18,165 INFO [34/2345] Snapshot a3c6d26c… (ahv_ins_delete-0-260514-190944) [CRASH_CONSISTENT]
2026-06-09 15:29:18,406 INFO [35/2345] Snapshot c2251f5c… (ahv_ins_delete-0-260514-190948) [CRASH_CONSISTENT]
2026-06-09 15:29:18,660 INFO [36/2345] Snapshot e06a3390… (ahv_ins_delete-0-260514-190948) [CRASH_CONSISTENT]
2026-06-09 15:29:18,891 INFO [37/2345] Snapshot c2609b16… (ahv_ins_delete-0-260514-191505) [CRASH_CONSISTENT]
2026-06-09 15:29:19,091 INFO [38/2345] Snapshot f6cbb609… (ahv_ins_delete-0-260514-191510) [CRASH_CONSISTENT]
2026-06-09 15:29:19,341 INFO [39/2345] Snapshot ca917593… (ahv_ins_delete-0-260514-191520) [CRASH_CONSISTENT]
2026-06-09 15:29:19,507 INFO [40/2345] Snapshot 74313f6f… (ahv_ins_delete-0-260514-191527) [CRASH_CONSISTENT]
2026-06-09 15:29:19,736 INFO --- batch: wait 10 tasks (v4 list) ---
2026-06-09 15:29:19,958 INFO   10 task(s) pending, sleeping 4.0s
2026-06-09 15:29:24,156 INFO   task 06694022… VM ca917593… (ahv_ins_delete-0-260514-191520) -> SUCCEEDED
2026-06-09 15:29:24,157 INFO   task 2bce9d86… VM f6cbb609… (ahv_ins_delete-0-260514-191510) -> SUCCEEDED
2026-06-09 15:29:24,157 INFO   task d8b897d8… VM c2609b16… (ahv_ins_delete-0-260514-191505) -> SUCCEEDED
2026-06-09 15:29:24,157 INFO   task d644943c… VM e06a3390… (ahv_ins_delete-0-260514-190948) -> SUCCEEDED
2026-06-09 15:29:24,157 INFO   task ada2958a… VM c2251f5c… (ahv_ins_delete-0-260514-190948) -> SUCCEEDED
2026-06-09 15:29:24,157 INFO   task 144d1830… VM a3c6d26c… (ahv_ins_delete-0-260514-190944) -> SUCCEEDED
2026-06-09 15:29:24,157 INFO   task 8edfef63… VM 37098924… (ahv_ins_delete-0-260514-190940) -> SUCCEEDED
2026-06-09 15:29:24,157 INFO   task ec8dd7f3… VM 99a5ef9e… (ahv_ins_delete-0-260514-190937) -> SUCCEEDED
2026-06-09 15:29:24,157 INFO   task 03363b06… VM db157941… (ahv_ins_delete-0-260514-190412) -> SUCCEEDED
2026-06-09 15:29:24,157 INFO   1 task(s) pending, sleeping 4.0s
2026-06-09 15:29:28,355 INFO   task 4370e310… VM 74313f6f… (ahv_ins_delete-0-260514-191527) -> SUCCEEDED
2026-06-09 15:29:28,355 INFO [41/2345] Snapshot 6e5880fb… (ahv_ins_delete-0-260514-191530) [CRASH_CONSISTENT]
2026-06-09 15:29:28,486 INFO [42/2345] Snapshot c3a6ba7b… (ahv_ins_delete-0-260514-192054) [CRASH_CONSISTENT]
2026-06-09 15:29:28,678 INFO [43/2345] Snapshot eaea2fbd… (ahv_ins_delete-0-260514-192123) [CRASH_CONSISTENT]
2026-06-09 15:29:28,883 INFO [44/2345] Snapshot 3b7deada… (ahv_ins_delete-0-260514-192200) [CRASH_CONSISTENT]
2026-06-09 15:29:29,049 INFO [45/2345] Snapshot 4dd28a1c… (ahv_ins_delete-0-260514-192203) [CRASH_CONSISTENT]
2026-06-09 15:29:29,240 INFO [46/2345] Snapshot b9395db6… (ahv_ins_delete-0-260514-192208) [CRASH_CONSISTENT]
2026-06-09 15:29:29,434 INFO [47/2345] Snapshot 5bacaa90… (ahv_ins_delete-0-260514-192546) [CRASH_CONSISTENT]
2026-06-09 15:29:29,613 INFO [48/2345] Snapshot 7cf338c6… (ahv_ins_delete-0-260514-192637) [CRASH_CONSISTENT]
2026-06-09 15:29:29,814 INFO [49/2345] Snapshot 40d00e92… (ahv_ins_delete-0-260514-192726) [CRASH_CONSISTENT]
2026-06-09 15:29:30,072 INFO [50/2345] Snapshot 29150d65… (ahv_ins_delete-0-260514-192728) [CRASH_CONSISTENT]
2026-06-09 15:29:30,307 INFO --- batch: wait 10 tasks (v4 list) ---
2026-06-09 15:29:30,538 INFO   10 task(s) pending, sleeping 4.0s
2026-06-09 15:29:34,750 INFO   task 6f9a17ed… VM 5bacaa90… (ahv_ins_delete-0-260514-192546) -> SUCCEEDED
2026-06-09 15:29:34,750 INFO   task bbbe3831… VM b9395db6… (ahv_ins_delete-0-260514-192208) -> SUCCEEDED
2026-06-09 15:29:34,750 INFO   task 755120c5… VM 4dd28a1c… (ahv_ins_delete-0-260514-192203) -> SUCCEEDED
2026-06-09 15:29:34,750 INFO   task b40eecba… VM 3b7deada… (ahv_ins_delete-0-260514-192200) -> SUCCEEDED
2026-06-09 15:29:34,750 INFO   task dc39a21c… VM eaea2fbd… (ahv_ins_delete-0-260514-192123) -> SUCCEEDED
2026-06-09 15:29:34,750 INFO   task 25bb02e1… VM c3a6ba7b… (ahv_ins_delete-0-260514-192054) -> SUCCEEDED
2026-06-09 15:29:34,750 INFO   task 39117f9c… VM 6e5880fb… (ahv_ins_delete-0-260514-191530) -> SUCCEEDED
2026-06-09 15:29:34,750 INFO   3 task(s) pending, sleeping 4.0s
2026-06-09 15:29:38,983 INFO   task 048b2b38… VM 29150d65… (ahv_ins_delete-0-260514-192728) -> SUCCEEDED
2026-06-09 15:29:38,983 INFO   task 198983fa… VM 40d00e92… (ahv_ins_delete-0-260514-192726) -> SUCCEEDED
2026-06-09 15:29:38,983 INFO   task 2c026385… VM 7cf338c6… (ahv_ins_delete-0-260514-192637) -> SUCCEEDED
2026-06-09 15:29:38,983 INFO [51/2345] Snapshot 664a9b27… (ahv_ins_delete-0-260514-192738) [CRASH_CONSISTENT]
2026-06-09 15:29:39,111 INFO [52/2345] Snapshot cdcd2b6d… (ahv_ins_delete-0-260514-193040) [CRASH_CONSISTENT]
2026-06-09 15:29:39,297 INFO [53/2345] Snapshot 583256ae… (ahv_ins_delete-0-260514-193214) [CRASH_CONSISTENT]
2026-06-09 15:29:39,510 INFO [54/2345] Snapshot ee874d84… (ahv_ins_delete-0-260514-193248) [CRASH_CONSISTENT]
2026-06-09 15:29:39,740 INFO [55/2345] Snapshot 7783a5e9… (ahv_ins_delete-0-260514-193330) [CRASH_CONSISTENT]
2026-06-09 15:29:39,993 INFO [56/2345] Snapshot ef7ed064… (ahv_ins_delete-0-260514-193347) [CRASH_CONSISTENT]
2026-06-09 15:29:40,208 INFO [57/2345] Snapshot 1babbf2a… (ahv_ins_delete-0-260514-193551) [CRASH_CONSISTENT]
2026-06-09 15:29:40,437 INFO [58/2345] Snapshot c7e22a48… (ahv_ins_delete-0-260514-193713) [CRASH_CONSISTENT]
2026-06-09 15:29:40,709 INFO [59/2345] Snapshot d9201f5f… (ahv_ins_delete-0-260514-193751) [CRASH_CONSISTENT]
2026-06-09 15:29:40,953 INFO [60/2345] Snapshot 7d258170… (ahv_ins_delete-0-260514-193843) [CRASH_CONSISTENT]
2026-06-09 15:29:41,183 INFO --- batch: wait 10 tasks (v4 list) ---
2026-06-09 15:29:41,420 INFO   10 task(s) pending, sleeping 4.0s
2026-06-09 15:29:45,623 INFO   task ef4db8ce… VM d9201f5f… (ahv_ins_delete-0-260514-193751) -> SUCCEEDED
2026-06-09 15:29:45,623 INFO   task 6294d20f… VM c7e22a48… (ahv_ins_delete-0-260514-193713) -> SUCCEEDED
2026-06-09 15:29:45,623 INFO   task b93a11ee… VM 1babbf2a… (ahv_ins_delete-0-260514-193551) -> SUCCEEDED
2026-06-09 15:29:45,623 INFO   task d15c64ff… VM ef7ed064… (ahv_ins_delete-0-260514-193347) -> SUCCEEDED
2026-06-09 15:29:45,623 INFO   task 521854d2… VM 7783a5e9… (ahv_ins_delete-0-260514-193330) -> SUCCEEDED
2026-06-09 15:29:45,623 INFO   task b4fa5404… VM ee874d84… (ahv_ins_delete-0-260514-193248) -> SUCCEEDED
2026-06-09 15:29:45,623 INFO   task 4236999b… VM 583256ae… (ahv_ins_delete-0-260514-193214) -> SUCCEEDED
2026-06-09 15:29:45,623 INFO   task 7ea41ee4… VM cdcd2b6d… (ahv_ins_delete-0-260514-193040) -> SUCCEEDED
2026-06-09 15:29:45,623 INFO   task 03c088f8… VM 664a9b27… (ahv_ins_delete-0-260514-192738) -> SUCCEEDED
2026-06-09 15:29:45,623 INFO   1 task(s) pending, sleeping 4.0s
