Defaulted container "ncm-epsilon" out of: ncm-epsilon, ncm-logging-sidecar
*******************************************************************
You are logged in epsilon container.
Dont edit any files. this might corrupt CALM/DRAAS data.
Commands for container:
activate - activate's epsilon virtual env
code - Changes directory to epsilon code
home - Changes directory to epsilon home which has conf files
status - Prints epsilon service status
********************************************************************
2026-06-22 15:03:15.59167Z INFO zaffi 137389 trl.go:756 epsilon/zaffi/repo.(*trlRepository).DeleteAllRunblocks [cr:c98bffb7-f313-40d9-bfe9-908cad833890][logger:main][pr:][rr:c98bffb7-f313-40d9-bfe9-908cad833890] Cleaned up 40 run blocks
2026-06-22 15:03:34.69955Z INFO zaffi 137389 trl.go:773 epsilon/zaffi/repo.(*trlRepository).DeleteAll          [cr:c98bffb7-f313-40d9-bfe9-908cad833890][logger:main][pr:][rr:c98bffb7-f313-40d9-bfe9-908cad833890] Cleaned up 120 task run logs
2026-06-22 15:03:34.89171Z INFO zaffi 137389 task.go:733 epsilon/zaffi/repo.(*taskrepository).DeleteAll        [cr:c98bffb7-f313-40d9-bfe9-908cad833890][logger:main][pr:][rr:c98bffb7-f313-40d9-bfe9-908cad833890] Found 120 non-admin tasks to delete
2026-06-22 15:03:43.91836Z INFO zaffi 137389 task.go:745 epsilon/zaffi/repo.(*taskrepository).DeleteAll        [cr:c98bffb7-f313-40d9-bfe9-908cad833890][logger:main][pr:][rr:c98bffb7-f313-40d9-bfe9-908cad833890] Cleaned up 120 tasks
2026-06-22 15:03:43.91843Z INFO zaffi 137389 service.go:661 epsilon/zaffi/wfrun.service.cleanup                [cr:c98bffb7-f313-40d9-bfe9-908cad833890][logger:main][pr:][rr:c98bffb7-f313-40d9-bfe9-908cad833890] Deleting 0 entities, 0 machines and 0 credentials
2026-06-22 15:03:43.91845Z INFO zaffi 137389 service.go:700 epsilon/zaffi/wfrun.service.cleanup                [cr:c98bffb7-f313-40d9-bfe9-908cad833890][logger:main][pr:][rr:c98bffb7-f313-40d9-bfe9-908cad833890] Cleaning up EMC table where all three entity, machine and credential are null
2026-06-22 15:03:43.91893Z INFO zaffi 137389 entity_machine_credential.go:46 epsilon/zaffi/repo.(*entityMachineCredentialRepository).CleanupAllWhereEMCAreNull [cr:c98bffb7-f313-40d9-bfe9-908cad833890][logger:main][pr:][rr:c98bffb7-f313-40d9-bfe9-908cad833890] Cleaned up 0 EMCs where entity, machine and credential were null
2026-06-22 15:03:43.92238Z INFO zaffi 137389 server_finalizer.go:35 epsilon/zaffi/middleware.ServerFinalizer   [cr:c98bffb7-f313-40d9-bfe9-908cad833890][logger:main][pr:][rr:c98bffb7-f313-40d9-bfe9-908cad833890] Committing DB Session
2026-06-22 15:03:43.92243Z INFO zaffi 137389 server_finalizer.go:36 epsilon/zaffi/middleware.ServerFinalizer   [cr:c98bffb7-f313-40d9-bfe9-908cad833890][logger:main][pr:][rr:c98bffb7-f313-40d9-bfe9-908cad833890] Response code: 200
2026-06-22 15:03:43.92245Z INFO zaffi 137389 handler_wrapper.go:34 epsilon/zaffi/middleware.HandlerWrapper.timer.func4 [logger:main] POST /api/1/workflowrun/cleanup -> Time Taken: 1m34.909521175s
tail: inotify cannot be used, reverting to polling: Too many open files
