{
    "status": {
        "name": "Home_PC_10_114_55_127",
        "description": "",
        "message_list": [],
        "resources": {
            "data": {
                "type": "basic_auth",
                "server": "pc-10-114-55-128.ccpnx.com",
                "port": 9440,
                "pc_uuid": "5f6ca0f2-7294-41d4-a9c5-e9f5b655c4e0",
                "cluster_account_reference_list": [
                    {
                        "name": "auto_cluster_prod_nagaraj_bv_36802bb644a4",
                        "description": "",
                        "message_list": [],
                        "resources": {
                            "data": {
                                "type": "",
                                "cluster_uuid": "00065031-3c14-1b72-7e15-7cc2558641c8",
                                "cluster_name": "auto_cluster_prod_nagaraj_bv_36802bb644a4",
                                "pc_account_uuid": "5268e859-8177-41cc-b5cd-ceac001a1ddd"
                            },
                            "type": "nutanix",
                            "state": "VERIFIED",
                            "sync_interval_secs": 1200,
                            "is_test_account": false
                        },
                        "uuid": "6540b45a-3825-46ca-a99e-ce12e9689fe8"
                    },
                    {
                        "name": "SSCG_NCM_2_1_Small_PE1",
                        "description": "",
                        "message_list": [],
                        "resources": {
                            "data": {
                                "type": "",
                                "cluster_uuid": "00065035-b0c9-5144-07ad-7cc255864212",
                                "cluster_name": "SSCG_NCM_2_1_Small_PE1",
                                "pc_account_uuid": "5268e859-8177-41cc-b5cd-ceac001a1ddd"
                            },
                            "type": "nutanix",
                            "state": "VERIFIED",
                            "sync_interval_secs": 1200,
                            "is_test_account": false
                        },
                        "uuid": "e54e7b86-2b74-4050-8808-9173cbb8020f"
                    },
                    {
                        "name": "SSCG_NCM_2_1_Small_PE2",
                        "description": "",
                        "message_list": [],
                        "resources": {
                            "data": {
                                "type": "",
                                "cluster_uuid": "00065035-daa1-70e4-7faf-ac1f6b61e0cf",
                                "cluster_name": "SSCG_NCM_2_1_Small_PE2",
                                "pc_account_uuid": "5268e859-8177-41cc-b5cd-ceac001a1ddd"
                            },
                            "type": "nutanix",
                            "state": "VERIFIED",
                            "sync_interval_secs": 1200,
                            "is_test_account": false
                        },
                        "uuid": "bc160423-fe8d-4d33-8eac-05045d874bff"
                    }
                ],
                "pc_version": "7.6",
                "host_pc": false,
                "onboarding_operation": "Update",
                "onboarding_operation_status": "SUCCESS",
                "onboarding_workflow_id": "042e80e5-b76e-4004-634d-5bf4d2e3a660",
                "management_pc": true,
                "cred_type": "basic_auth",
                "username": "admin",
                "password": {
                    "attrs": {
                        "secret_reference": {},
                        "is_secret_modified": false
                    }
                },
                "provider_reference": {
                    "name": "Nutanix_PC",
                    "uuid": "fb200551-b605-4893-958b-1ab05d0f3f18",
                    "kind": "provider"
                }
            },
            "type": "nutanix_pc",
            "state": "VERIFIED",
            "sync_interval_secs": 86400,
            "last_sync_time": 1782183143,
            "sync_status": "Success",
            "is_test_account": false
        }
    },
    "spec": {
        "resources": {
            "sync_interval_secs": 86400,
            "type": "nutanix_pc",
            "data": {
                "host_pc": false,
                "cluster_account_reference_list": [
                    "6540b45a-3825-46ca-a99e-ce12e9689fe8",
                    "e54e7b86-2b74-4050-8808-9173cbb8020f",
                    "bc160423-fe8d-4d33-8eac-05045d874bff",
                    "7fc7fc86-2b0c-4068-8669-3c787bcac6ae"
                ],
                "cred_type": "basic_auth",
                "password": {
                    "attrs": {
                        "is_secret_modified": false
                    }
                },
                "username": "admin",
                "pc_uuid": "5f6ca0f2-7294-41d4-a9c5-e9f5b655c4e0"
            }
        },
        "name": "Home_PC_10_114_55_127"
    },
    "api_version": "3.0",
    "metadata": {
        "last_update_time": "1782183432622377",
        "uuid": "5268e859-8177-41cc-b5cd-ceac001a1ddd",
        "creation_time": "1777376305123646",
        "spec_version": 48,
        "name": "Home_PC_10_114_55_127",
        "kind": "account",
        "owner_reference": {
            "kind": "user",
            "uuid": "00000000-0000-0000-0000-000000000000",
            "name": "admin"
        },
        "project_reference": {
            "kind": "project",
            "uuid": "00000000-0000-0000-0000-000000000000",
            "name": "_internal"
        }
    }
}