Defaulted container "ncm-epsilon" out of: ncm-epsilon, ncm-logging-sidecar
*******************************************************************
You are logged in epsilon container.
Dont edit any files. this might corrupt CALM/DRAAS data.
Commands for container:
activate - activate's epsilon virtual env
code - Changes directory to epsilon code
home - Changes directory to epsilon home which has conf files
status - Prints epsilon service status
********************************************************************
tail: inotify cannot be used, reverting to polling: Too many open files
2026-06-17 06:07:23.56210Z INFO karan 137287 worker.go:236 github.com/ideadevice/gamma-libs/server/protobase.(*Worker).AbortView [cr:f30a31bf-18ce-4971-a82a-6ad873c898b1][pr:f30a31bf-18ce-4971-a82a-6ad873c898b1][rr:b20f8933-4042-48b4-8121-87459a5ae776][logger:karan-0-ncm-epsilon-0] Aborting request with runID c98f7296-97b7-416c-aee3-8c79ba0d3919
2026-06-17 06:07:23.56216Z INFO karan 137287 worker.go:240 github.com/ideadevice/gamma-libs/server/protobase.(*Worker).AbortView [cr:f30a31bf-18ce-4971-a82a-6ad873c898b1][pr:f30a31bf-18ce-4971-a82a-6ad873c898b1][rr:b20f8933-4042-48b4-8121-87459a5ae776][logger:karan-0-ncm-epsilon-0][run_id:c98f7296-97b7-416c-aee3-8c79ba0d3919] Aborting Run ID: c98f7296-97b7-416c-aee3-8c79ba0d3919
2026-06-17 06:07:23.60070Z INFO karan 137287 worker.go:236 github.com/ideadevice/gamma-libs/server/protobase.(*Worker).AbortView [cr:e2ac1b99-f377-4421-9afa-bb7f96ddfe64][pr:e2ac1b99-f377-4421-9afa-bb7f96ddfe64][rr:b20f8933-4042-48b4-8121-87459a5ae776][logger:karan-0-ncm-epsilon-0] Aborting request with runID e6805017-e437-4933-a20c-ff287b8456e5
2026-06-17 06:07:23.60076Z INFO karan 137287 worker.go:240 github.com/ideadevice/gamma-libs/server/protobase.(*Worker).AbortView [cr:e2ac1b99-f377-4421-9afa-bb7f96ddfe64][pr:e2ac1b99-f377-4421-9afa-bb7f96ddfe64][rr:b20f8933-4042-48b4-8121-87459a5ae776][logger:karan-0-ncm-epsilon-0][run_id:e6805017-e437-4933-a20c-ff287b8456e5] Aborting Run ID: e6805017-e437-4933-a20c-ff287b8456e5
2026-06-17 06:07:23.64229Z INFO karan 137287 worker.go:236 github.com/ideadevice/gamma-libs/server/protobase.(*Worker).AbortView [cr:bd2d0c38-a547-4061-994f-7cd81fde8cfb][pr:bd2d0c38-a547-4061-994f-7cd81fde8cfb][rr:b20f8933-4042-48b4-8121-87459a5ae776][logger:karan-0-ncm-epsilon-0] Aborting request with runID 103b3e9c-4470-4ef3-b972-9608e4ccaabd
2026-06-17 06:07:23.64236Z INFO karan 137287 worker.go:240 github.com/ideadevice/gamma-libs/server/protobase.(*Worker).AbortView [cr:bd2d0c38-a547-4061-994f-7cd81fde8cfb][pr:bd2d0c38-a547-4061-994f-7cd81fde8cfb][rr:b20f8933-4042-48b4-8121-87459a5ae776][logger:karan-0-ncm-epsilon-0][run_id:103b3e9c-4470-4ef3-b972-9608e4ccaabd] Aborting Run ID: 103b3e9c-4470-4ef3-b972-9608e4ccaabd
2026-06-17 06:07:23.68009Z INFO karan 137287 worker.go:236 github.com/ideadevice/gamma-libs/server/protobase.(*Worker).AbortView [cr:1db1c0be-291e-480f-bedb-3cff2b8ad988][pr:1db1c0be-291e-480f-bedb-3cff2b8ad988][rr:b20f8933-4042-48b4-8121-87459a5ae776][logger:karan-0-ncm-epsilon-0] Aborting request with runID bbf63598-d6db-4e85-bba2-05046ef8e6f9
2026-06-17 06:07:23.68015Z INFO karan 137287 worker.go:240 github.com/ideadevice/gamma-libs/server/protobase.(*Worker).AbortView [cr:1db1c0be-291e-480f-bedb-3cff2b8ad988][pr:1db1c0be-291e-480f-bedb-3cff2b8ad988][rr:b20f8933-4042-48b4-8121-87459a5ae776][logger:karan-0-ncm-epsilon-0][run_id:bbf63598-d6db-4e85-bba2-05046ef8e6f9] Aborting Run ID: bbf63598-d6db-4e85-bba2-05046ef8e6f9
2026-06-17 06:07:23.71671Z INFO karan 137287 worker.go:236 github.com/ideadevice/gamma-libs/server/protobase.(*Worker).AbortView [cr:29ea160e-cbb4-4598-a182-9b1d0cc45298][pr:29ea160e-cbb4-4598-a182-9b1d0cc45298][rr:b20f8933-4042-48b4-8121-87459a5ae776][logger:karan-0-ncm-epsilon-0] Aborting request with runID 45233b22-8f1b-4e95-87ea-8f633e80f8c4
2026-06-17 06:07:23.71676Z INFO karan 137287 worker.go:240 github.com/ideadevice/gamma-libs/server/protobase.(*Worker).AbortView [cr:29ea160e-cbb4-4598-a182-9b1d0cc45298][pr:29ea160e-cbb4-4598-a182-9b1d0cc45298][rr:b20f8933-4042-48b4-8121-87459a5ae776][logger:karan-0-ncm-epsilon-0][run_id:45233b22-8f1b-4e95-87ea-8f633e80f8c4] Aborting Run ID: 45233b22-8f1b-4e95-87ea-8f633e80f8c4
