Defaulted container "ncm-epsilon" out of: ncm-epsilon, ncm-logging-sidecar
*******************************************************************
You are logged in epsilon container.
Dont edit any files. this might corrupt CALM/DRAAS data.
Commands for container:
activate - activate's epsilon virtual env
code - Changes directory to epsilon code
home - Changes directory to epsilon home which has conf files
status - Prints epsilon service status
********************************************************************
tail: inotify cannot be used, reverting to polling: Too many open files
2026-06-22 06:23:44.99118Z INFO narad 137357 ergon.go:870 github.com/ideadevice/gamma-libs/ergon.(*Ergon).SetStateAndMilestone [logger:ErgonClient] Updated 16ccd27b-dfaa-41b3-88ac-010b95e44a26 ergon task to state: kRunning
2026-06-22 06:23:44.99121Z INFO narad 137357 worker.go:296 github.com/ideadevice/gamma-libs/server/protobase.(*Worker).HandleExecutedTask [cr:16ccd27b-dfaa-41b3-88ac-010b95e44a26][pr:16ccd27b-dfaa-41b3-88ac-010b95e44a26][rr:245061c3-0203-4225-8b78-93c4aa4db6ba][logger:narad][run_id:d766f30e-d266-46c0-ad38-ddae3cde4b7a][trl_id:d766f30e-d266-46c0-ad38-ddae3cde4b7a] Sending callback to durga with callback body {"passthru_args":"eyJlY29kZSI6MCwicmVtb3RlX2Vjb2RlIjowfQ==","request_id":"0c26a90b-1551-41b8-bf10-fe0460eaec4a"} requestid 0c26a90b-1551-41b8-bf10-fe0460eaec4a duplicate resume check false
2026-06-22 06:23:44.99126Z INFO narad 137357 worker.go:121 github.com/ideadevice/gamma-libs/server/base.CallbackDurga [cr:16ccd27b-dfaa-41b3-88ac-010b95e44a26][pr:16ccd27b-dfaa-41b3-88ac-010b95e44a26][rr:245061c3-0203-4225-8b78-93c4aa4db6ba][logger:narad][run_id:d766f30e-d266-46c0-ad38-ddae3cde4b7a][trl_id:d766f30e-d266-46c0-ad38-ddae3cde4b7a] Not sending a callback to durga, return URL empty
2026-06-22 06:23:44.99129Z INFO narad 137357 ergonutil.go:87 github.com/ideadevice/gamma-libs/ergonutils.SetErgonTaskStateAndMilestone [cr:16ccd27b-dfaa-41b3-88ac-010b95e44a26][pr:16ccd27b-dfaa-41b3-88ac-010b95e44a26][rr:245061c3-0203-4225-8b78-93c4aa4db6ba][logger:narad][run_id:d766f30e-d266-46c0-ad38-ddae3cde4b7a][trl_id:d766f30e-d266-46c0-ad38-ddae3cde4b7a] Setting ergon task_id (16ccd27b-dfaa-41b3-88ac-010b95e44a26) milestone as 'SUCCESS' with milestonedata: {"passthru_args":"eyJlY29kZSI6MCwicmVtb3RlX2Vjb2RlIjowfQ==","request_id":"0c26a90b-1551-41b8-bf10-fe0460eaec4a"}
2026-06-22 06:23:44.99352Z INFO narad 137357 ergon.go:629 github.com/ideadevice/gamma-libs/ergon.(*Ergon).sendMsg [logger:statutils] stats item: ergon.TaskGet with time: 2 msec
2026-06-22 06:23:45.00137Z INFO narad 137357 ergon.go:629 github.com/ideadevice/gamma-libs/ergon.(*Ergon).sendMsg [logger:statutils] stats item: ergon.TaskUpdate with time: 7 msec
2026-06-22 06:23:45.00143Z INFO narad 137357 ergon.go:870 github.com/ideadevice/gamma-libs/ergon.(*Ergon).SetStateAndMilestone [logger:ErgonClient] Updated 16ccd27b-dfaa-41b3-88ac-010b95e44a26 ergon task to state: kSucceeded
2026-06-22 06:23:45.00145Z INFO narad 137357 worker.go:91 github.com/ideadevice/gamma-libs/server/base.(*Worker).NotifyMasterDone [cr:16ccd27b-dfaa-41b3-88ac-010b95e44a26][pr:16ccd27b-dfaa-41b3-88ac-010b95e44a26][rr:245061c3-0203-4225-8b78-93c4aa4db6ba][logger:narad][run_id:d766f30e-d266-46c0-ad38-ddae3cde4b7a][trl_id:d766f30e-d266-46c0-ad38-ddae3cde4b7a] Notifying master for ergon task 16ccd27b-dfaa-41b3-88ac-010b95e44a26 done
2026-06-22 06:23:45.00149Z INFO narad 137357 jove_interface.go:412 github.com/ideadevice/gamma-libs/interface.(*JoveInterface).SetErgonTaskDone [logger:interface] No auth given
2026-06-22 06:23:45.00152Z INFO narad 137357 jove_interface.go:235 github.com/ideadevice/gamma-libs/interface.(*JoveInterface).call [logger:interface] Sending "POST" request at /worker/narad-0-ncm-epsilon-0/ergon_task/16ccd27b-dfaa-41b3-88ac-010b95e44a26/done?duplicate_check=false
