Defaulted container "ncm-epsilon" out of: ncm-epsilon, ncm-logging-sidecar
*******************************************************************
You are logged in epsilon container.
Dont edit any files. this might corrupt CALM/DRAAS data.
Commands for container:
activate - activate's epsilon virtual env
code - Changes directory to epsilon code
home - Changes directory to epsilon home which has conf files
status - Prints epsilon service status
********************************************************************
[2026-06-23T04:15:03,673][INFO ][o.o.j.s.JobSweeper       ] [ncm-epsilon-0.ncm-epsilon-headless.ntnx-ncm-common.svc.nc.msp.pc-dgce.nutanix.com] Running full sweep
[2026-06-23T04:20:03,673][INFO ][o.o.j.s.JobSweeper       ] [ncm-epsilon-0.ncm-epsilon-headless.ntnx-ncm-common.svc.nc.msp.pc-dgce.nutanix.com] Running full sweep
[2026-06-23T04:25:03,674][INFO ][o.o.j.s.JobSweeper       ] [ncm-epsilon-0.ncm-epsilon-headless.ntnx-ncm-common.svc.nc.msp.pc-dgce.nutanix.com] Running full sweep
[2026-06-23T04:30:03,674][INFO ][o.o.j.s.JobSweeper       ] [ncm-epsilon-0.ncm-epsilon-headless.ntnx-ncm-common.svc.nc.msp.pc-dgce.nutanix.com] Running full sweep
[2026-06-23T04:35:03,675][INFO ][o.o.j.s.JobSweeper       ] [ncm-epsilon-0.ncm-epsilon-headless.ntnx-ncm-common.svc.nc.msp.pc-dgce.nutanix.com] Running full sweep
[2026-06-23T04:40:03,675][INFO ][o.o.j.s.JobSweeper       ] [ncm-epsilon-0.ncm-epsilon-headless.ntnx-ncm-common.svc.nc.msp.pc-dgce.nutanix.com] Running full sweep
[2026-06-23T04:45:03,676][INFO ][o.o.j.s.JobSweeper       ] [ncm-epsilon-0.ncm-epsilon-headless.ntnx-ncm-common.svc.nc.msp.pc-dgce.nutanix.com] Running full sweep
[2026-06-23T04:50:03,676][INFO ][o.o.j.s.JobSweeper       ] [ncm-epsilon-0.ncm-epsilon-headless.ntnx-ncm-common.svc.nc.msp.pc-dgce.nutanix.com] Running full sweep
[2026-06-23T04:55:03,677][INFO ][o.o.j.s.JobSweeper       ] [ncm-epsilon-0.ncm-epsilon-headless.ntnx-ncm-common.svc.nc.msp.pc-dgce.nutanix.com] Running full sweep
[2026-06-23T05:00:03,677][INFO ][o.o.j.s.JobSweeper       ] [ncm-epsilon-0.ncm-epsilon-headless.ntnx-ncm-common.svc.nc.msp.pc-dgce.nutanix.com] Running full sweep
tail: inotify cannot be used, reverting to polling: Too many open files
[2026-06-23T05:05:03,678][INFO ][o.o.j.s.JobSweeper       ] [ncm-epsilon-0.ncm-epsilon-headless.ntnx-ncm-common.svc.nc.msp.pc-dgce.nutanix.com] Running full sweep
[2026-06-23T05:10:03,678][INFO ][o.o.j.s.JobSweeper       ] [ncm-epsilon-0.ncm-epsilon-headless.ntnx-ncm-common.svc.nc.msp.pc-dgce.nutanix.com] Running full sweep
[2026-06-23T05:15:03,679][INFO ][o.o.j.s.JobSweeper       ] [ncm-epsilon-0.ncm-epsilon-headless.ntnx-ncm-common.svc.nc.msp.pc-dgce.nutanix.com] Running full sweep
[2026-06-23T05:20:03,679][INFO ][o.o.j.s.JobSweeper       ] [ncm-epsilon-0.ncm-epsilon-headless.ntnx-ncm-common.svc.nc.msp.pc-dgce.nutanix.com] Running full sweep
[2026-06-23T05:25:03,679][INFO ][o.o.j.s.JobSweeper       ] [ncm-epsilon-0.ncm-epsilon-headless.ntnx-ncm-common.svc.nc.msp.pc-dgce.nutanix.com] Running full sweep
[2026-06-23T05:30:03,680][INFO ][o.o.j.s.JobSweeper       ] [ncm-epsilon-0.ncm-epsilon-headless.ntnx-ncm-common.svc.nc.msp.pc-dgce.nutanix.com] Running full sweep
