Defaulted container "ncm-epsilon" out of: ncm-epsilon, ncm-logging-sidecar
*******************************************************************
You are logged in epsilon container.
Dont edit any files. this might corrupt CALM/DRAAS data.
Commands for container:
activate - activate's epsilon virtual env
code - Changes directory to epsilon code
home - Changes directory to epsilon home which has conf files
status - Prints epsilon service status
********************************************************************
2026-05-12 05:46:32.646 UTC [435] HINT:  Future log output will appear in directory "/home/epsilon/log/postgresql".
2026-05-12 06:52:43+0000 Bringing up postgresql
2026-05-12 06:52:43.568 UTC [1116] LOG:  redirecting log output to logging collector process
2026-05-12 06:52:43.568 UTC [1116] HINT:  Future log output will appear in directory "/home/epsilon/log/postgresql".
2026-05-31 03:58:48+0000 Bringing up postgresql
2026-05-31 03:58:48.874 UTC [434] LOG:  redirecting log output to logging collector process
2026-05-31 03:58:48.874 UTC [434] HINT:  Future log output will appear in directory "/home/epsilon/log/postgresql".
2026-05-31 04:02:50+0000 Bringing up postgresql
2026-05-31 04:02:50.696 UTC [942] LOG:  redirecting log output to logging collector process
2026-05-31 04:02:50.696 UTC [942] HINT:  Future log output will appear in directory "/home/epsilon/log/postgresql".
tail: inotify cannot be used, reverting to polling: Too many open files
