Defaulted container "ncm-epsilon" out of: ncm-epsilon, ncm-logging-sidecar
*******************************************************************
You are logged in epsilon container.
Dont edit any files. this might corrupt CALM/DRAAS data.
Commands for container:
activate - activate's epsilon virtual env
code - Changes directory to epsilon code
home - Changes directory to epsilon home which has conf files
status - Prints epsilon service status
********************************************************************
tail: inotify cannot be used, reverting to polling: Too many open files
436:M 12 May 2026 05:46:32.612 * Running mode=standalone, port=6379.
436:M 12 May 2026 05:46:32.612 # Server initialized
436:M 12 May 2026 05:46:32.613 * Ready to accept connections
435:C 31 May 2026 03:58:48.768 # oO0OoO0OoO0Oo Redis is starting oO0OoO0OoO0Oo
435:C 31 May 2026 03:58:48.768 # Redis version=6.2.20, bits=64, commit=00000000, modified=0, pid=435, just started
435:C 31 May 2026 03:58:48.768 # Configuration loaded
435:M 31 May 2026 03:58:48.769 * monotonic clock: POSIX clock_gettime
435:M 31 May 2026 03:58:48.769 * Running mode=standalone, port=6379.
435:M 31 May 2026 03:58:48.769 # Server initialized
435:M 31 May 2026 03:58:48.770 * Ready to accept connections
