Defaulted container "ncm-epsilon" out of: ncm-epsilon, ncm-logging-sidecar
*******************************************************************
You are logged in epsilon container.
Dont edit any files. this might corrupt CALM/DRAAS data.
Commands for container:
activate - activate's epsilon virtual env
code - Changes directory to epsilon code
home - Changes directory to epsilon home which has conf files
status - Prints epsilon service status
********************************************************************
tail: inotify cannot be used, reverting to polling: Too many open files
SelfService: []
Common: [abac_entity_capability]
DomainManagerIdf: [project_entity], FallbackDBtype: SelfService

2026-06-13 14:03:25.41045Z INFO spy 135158 clusterconfig.go:199 github.com/ideadevice/gamma-libs/clusterconfig.InitZookeeperSession [logger:cluster config] Initializing Zookeeper Session to zk-cs.ntnx-ncm-datastore.svc.nc.msp.pc-dgce.nutanix.com:9876
2026-06-13 14:03:25.42768Z INFO spy 135158 clusterconfig.go:219 github.com/ideadevice/gamma-libs/clusterconfig.InitZookeeperSession [logger:cluster config] Created zookeeper session with Id: 116667180683514312
2026-06-13 14:03:25.42786Z INFO spy 135158 zk_migration_service.go:68 ces/spy/src/postmigration/service.parseZkNodeListFromJSON [logger:spy] Reading JSON file: /home/epsilon/conf/service/spy/zookeeper.json
2026-06-13 14:03:25.43696Z INFO spy 135158 stream_consumer.go:49 github.com/ideadevice/epsilon-worker/consumer.(*StreamConsumer).SetupStart [logger:spy] Consumers are already setup for StreamConsumer
2026-06-13 14:03:25.43701Z INFO spy 135158 spy.go:129 main.main                                              [logger:spy] Starting Consumer Worker...
2026-06-13 14:03:25.43708Z INFO spy 135158 worker.go:63 github.com/ideadevice/epsilon-worker/consumer.(*ConsumerWorker).Start [logger:spy] Starting Request Processor...
