Defaulted container "ncm-epsilon" out of: ncm-epsilon, ncm-logging-sidecar
*******************************************************************
You are logged in epsilon container.
Dont edit any files. this might corrupt CALM/DRAAS data.
Commands for container:
activate - activate's epsilon virtual env
code - Changes directory to epsilon code
home - Changes directory to epsilon home which has conf files
status - Prints epsilon service status
********************************************************************
tail: inotify cannot be used, reverting to polling: Too many open files
[2026-06-22 13:00:49] INFO supervisorevents.py:133: Got event from supervisor: PROCESS_STATE_STARTING
[2026-06-22 13:00:49] INFO supervisorevents.py:136: Pheaders {'processname': 'indra_0', 'groupname': 'epsilon-engine', 'from_state': 'STOPPED', 'tries': '0'}
[2026-06-22 13:00:49] DEBUG supervisorevents.py:137: Pdata 
[2026-06-22 13:00:49] INFO supervisorevents.py:142: Ignoring event
[2026-06-22 13:00:49] INFO supervisorevents.py:131: WAITING FOR EVENT........................
[2026-06-22 13:01:00] INFO supervisorevents.py:133: Got event from supervisor: PROCESS_STATE_RUNNING
[2026-06-22 13:01:00] INFO supervisorevents.py:136: Pheaders {'processname': 'indra_0', 'groupname': 'epsilon-engine', 'from_state': 'STARTING', 'pid': '152549'}
[2026-06-22 13:01:00] DEBUG supervisorevents.py:137: Pdata 
[2026-06-22 13:01:00] INFO supervisorevents.py:142: Ignoring event
[2026-06-22 13:01:00] INFO supervisorevents.py:131: WAITING FOR EVENT........................
