Defaulted container "ncm-epsilon" out of: ncm-epsilon, ncm-logging-sidecar
*******************************************************************
You are logged in epsilon container.
Dont edit any files. this might corrupt CALM/DRAAS data.
Commands for container:
activate - activate's epsilon virtual env
code - Changes directory to epsilon code
home - Changes directory to epsilon home which has conf files
status - Prints epsilon service status
********************************************************************
tail: inotify cannot be used, reverting to polling: Too many open files
2026-06-23 03:02:01.64462Z INFO vajra 500   worker.go:347 main.cleanOldFiles                                  [logger:vajra] Cleaning playground scripts that have been modified before  2026-06-23 02:02:01.644579886 +0000 GMT m=+1980000.075116808
2026-06-23 03:02:01.64477Z INFO vajra 500   worker.go:354 main.cleanOldFiles                                  [logger:vajra] Deleting folders : 
2026-06-23 04:02:01.64510Z INFO vajra 500   worker.go:347 main.cleanOldFiles                                  [logger:vajra] Cleaning playground scripts that have been modified before  2026-06-23 03:02:01.645063033 +0000 GMT m=+1983600.075599959
2026-06-23 04:02:01.64518Z INFO vajra 500   worker.go:347 main.cleanOldFiles                                  [logger:vajra] Cleaning app runlogs output zip files that have been modified before  2026-06-22 04:02:01.645163116 +0000 GMT m=+1900800.075700028
2026-06-23 04:02:01.64515Z INFO vajra 500   worker.go:347 main.cleanOldFiles                                  [logger:vajra] Cleaning showback csv files that have been modified before  2026-06-22 04:02:01.645137619 +0000 GMT m=+1900800.075674532
2026-06-23 04:02:01.64527Z INFO vajra 500   worker.go:354 main.cleanOldFiles                                  [logger:vajra] Deleting folders : 
2026-06-23 04:02:01.64865Z ERROR vajra 500   worker.go:338 main.CleanOldFilesCron                              [logger:vajra] Error occured while cleaning showback csv files: open /home/epsilon/log/task_log/showback: no such file or directory
2026-06-23 04:02:01.64972Z INFO vajra 500   worker.go:354 main.cleanOldFiles                                  [logger:vajra] Deleting folders : 
2026-06-23 05:02:01.64490Z INFO vajra 500   worker.go:347 main.cleanOldFiles                                  [logger:vajra] Cleaning playground scripts that have been modified before  2026-06-23 04:02:01.6448828 +0000 GMT m=+1987200.075419714
2026-06-23 05:02:01.64500Z INFO vajra 500   worker.go:354 main.cleanOldFiles                                  [logger:vajra] Deleting folders : 
